Archive member included to satisfy reference by file (symbol)

.build/obj_keychron_q1_ansi_encoder_via/i2c_master.a(i2c_master.o)
                              .build/obj_keychron_q1_ansi_encoder_via/quantum/rgb_matrix/rgb_matrix_drivers.o (symbol from plugin) (i2c_init)
c:/qmk_msys/mingw64/bin/../lib/gcc/avr/8.5.0/avr5\libgcc.a(_udivmodhi4.o)
                              .build/obj_keychron_q1_ansi_encoder_via/i2c_master.a(i2c_master.o) (__udivmodhi4)
c:/qmk_msys/mingw64/bin/../lib/gcc/avr/8.5.0/avr5\libgcc.a(_exit.o)
                              c:/qmk_msys/mingw64/bin/../lib/gcc/avr/8.5.0/../../../../avr/lib/avr5/crtatmega32u4.o (exit)
c:/qmk_msys/mingw64/bin/../lib/gcc/avr/8.5.0/avr5\libgcc.a(_prologue.o)
                              .build/obj_keychron_q1_ansi_encoder_via/i2c_master.a(i2c_master.o) (__prologue_saves__)
c:/qmk_msys/mingw64/bin/../lib/gcc/avr/8.5.0/avr5\libgcc.a(_epilogue.o)
                              .build/obj_keychron_q1_ansi_encoder_via/i2c_master.a(i2c_master.o) (__epilogue_restores__)
c:/qmk_msys/mingw64/bin/../lib/gcc/avr/8.5.0/../../../../avr/lib/avr5\libc.a(rand.o)
                              .build/obj_keychron_q1_ansi_encoder_via/quantum/rgb_matrix/rgb_matrix.o (symbol from plugin) (rand)
c:/qmk_msys/mingw64/bin/../lib/gcc/avr/8.5.0/../../../../avr/lib/avr5\libc.a(memcpy_P.o)
                              .build/obj_keychron_q1_ansi_encoder_via/is31fl3733.o (symbol from plugin) (memcpy_P)
c:/qmk_msys/mingw64/bin/../lib/gcc/avr/8.5.0/../../../../avr/lib/avr5\libatmega32u4.a(eerd_block.o)
                              .build/obj_keychron_q1_ansi_encoder_via/quantum/rgb_matrix/rgb_matrix.o (symbol from plugin) (eeprom_read_block)
c:/qmk_msys/mingw64/bin/../lib/gcc/avr/8.5.0/../../../../avr/lib/avr5\libatmega32u4.a(eerd_byte.o)
                              .build/obj_keychron_q1_ansi_encoder_via/quantum/eeconfig.o (symbol from plugin) (eeprom_read_byte)
c:/qmk_msys/mingw64/bin/../lib/gcc/avr/8.5.0/../../../../avr/lib/avr5\libatmega32u4.a(eerd_dword.o)
                              .build/obj_keychron_q1_ansi_encoder_via/quantum/eeconfig.o (symbol from plugin) (eeprom_read_dword)
c:/qmk_msys/mingw64/bin/../lib/gcc/avr/8.5.0/../../../../avr/lib/avr5\libatmega32u4.a(eerd_word.o)
                              .build/obj_keychron_q1_ansi_encoder_via/quantum/eeconfig.o (symbol from plugin) (eeprom_read_word)
c:/qmk_msys/mingw64/bin/../lib/gcc/avr/8.5.0/../../../../avr/lib/avr5\libatmega32u4.a(eeupd_block.o)
                              .build/obj_keychron_q1_ansi_encoder_via/quantum/rgb_matrix/rgb_matrix.o (symbol from plugin) (eeprom_update_block)
c:/qmk_msys/mingw64/bin/../lib/gcc/avr/8.5.0/../../../../avr/lib/avr5\libatmega32u4.a(eeupd_byte.o)
                              .build/obj_keychron_q1_ansi_encoder_via/quantum/eeconfig.o (symbol from plugin) (eeprom_update_byte)
c:/qmk_msys/mingw64/bin/../lib/gcc/avr/8.5.0/../../../../avr/lib/avr5\libatmega32u4.a(eeupd_dword.o)
                              .build/obj_keychron_q1_ansi_encoder_via/quantum/eeconfig.o (symbol from plugin) (eeprom_update_dword)
c:/qmk_msys/mingw64/bin/../lib/gcc/avr/8.5.0/../../../../avr/lib/avr5\libatmega32u4.a(eeupd_word.o)
                              .build/obj_keychron_q1_ansi_encoder_via/quantum/eeconfig.o (symbol from plugin) (eeprom_update_word)
c:/qmk_msys/mingw64/bin/../lib/gcc/avr/8.5.0/avr5\libgcc.a(_divmodsi4.o)
                              c:/qmk_msys/mingw64/bin/../lib/gcc/avr/8.5.0/../../../../avr/lib/avr5\libc.a(rand.o) (__divmodsi4)
c:/qmk_msys/mingw64/bin/../lib/gcc/avr/8.5.0/avr5\libgcc.a(_negsi2.o)
                              c:/qmk_msys/mingw64/bin/../lib/gcc/avr/8.5.0/avr5\libgcc.a(_divmodsi4.o) (__negsi2)
c:/qmk_msys/mingw64/bin/../lib/gcc/avr/8.5.0/avr5\libgcc.a(_copy_data.o)
                              c:/qmk_msys/mingw64/bin/../lib/gcc/avr/8.5.0/../../../../avr/lib/avr5\libc.a(rand.o) (__do_copy_data)
c:/qmk_msys/mingw64/bin/../lib/gcc/avr/8.5.0/avr5\libgcc.a(_muluhisi3.o)
                              c:/qmk_msys/mingw64/bin/../lib/gcc/avr/8.5.0/../../../../avr/lib/avr5\libc.a(rand.o) (__muluhisi3)
c:/qmk_msys/mingw64/bin/../lib/gcc/avr/8.5.0/avr5\libgcc.a(_mulshisi3.o)
                              c:/qmk_msys/mingw64/bin/../lib/gcc/avr/8.5.0/../../../../avr/lib/avr5\libc.a(rand.o) (__mulohisi3)
c:/qmk_msys/mingw64/bin/../lib/gcc/avr/8.5.0/avr5\libgcc.a(_udivmodsi4.o)
                              c:/qmk_msys/mingw64/bin/../lib/gcc/avr/8.5.0/avr5\libgcc.a(_divmodsi4.o) (__udivmodsi4)
c:/qmk_msys/mingw64/bin/../lib/gcc/avr/8.5.0/avr5\libgcc.a(_umulhisi3.o)
                              c:/qmk_msys/mingw64/bin/../lib/gcc/avr/8.5.0/avr5\libgcc.a(_muluhisi3.o) (__umulhisi3)
c:/qmk_msys/mingw64/bin/../lib/gcc/avr/8.5.0/avr5\libgcc.a(_divmodhi4.o)
                              C:\Users\GUSTAV~1\AppData\Local\Temp\ccGBmNel.ltrans0.ltrans.o (__divmodhi4)
[...]
Memory Configuration

Name             Origin             Length             Attributes
text             0x0000000000000000 0x0000000000020000 xr
data             0x0000000000800060 0x000000000000ffa0 rw !x
eeprom           0x0000000000810000 0x0000000000010000 rw !x
fuse             0x0000000000820000 0x0000000000000003 rw !x
lock             0x0000000000830000 0x0000000000000400 rw !x
signature        0x0000000000840000 0x0000000000000400 rw !x
user_signatures  0x0000000000850000 0x0000000000000400 rw !x
*default*        0x0000000000000000 0xffffffffffffffff

Linker script and memory map

Address of section .data set to 0x800100
LOAD c:/qmk_msys/mingw64/bin/../lib/gcc/avr/8.5.0/../../../../avr/lib/avr5/crtatmega32u4.o
LOAD .build/obj_keychron_q1_ansi_encoder_via/keyboards/keychron/q1/q1.o
LOAD C:\Users\GUSTAV~1\AppData\Local\Temp\ccyrOgUOdebugobj
LOAD C:\Users\GUSTAV~1\AppData\Local\Temp\ccGBmNel.ltrans0.ltrans.o
LOAD .build/obj_keychron_q1_ansi_encoder_via/keyboards/keychron/q1/ansi_encoder/ansi_encoder.o
LOAD .build/obj_keychron_q1_ansi_encoder_via/.build/obj_keychron_q1_ansi_encoder/src/default_keyboard.o
LOAD .build/obj_keychron_q1_ansi_encoder_via/quantum/keymap_introspection.o
LOAD .build/obj_keychron_q1_ansi_encoder_via/quantum/quantum.o
LOAD .build/obj_keychron_q1_ansi_encoder_via/quantum/bitwise.o
LOAD .build/obj_keychron_q1_ansi_encoder_via/quantum/led.o
LOAD .build/obj_keychron_q1_ansi_encoder_via/quantum/action.o
LOAD .build/obj_keychron_q1_ansi_encoder_via/quantum/action_layer.o
LOAD .build/obj_keychron_q1_ansi_encoder_via/quantum/action_tapping.o
LOAD .build/obj_keychron_q1_ansi_encoder_via/quantum/action_util.o
LOAD .build/obj_keychron_q1_ansi_encoder_via/quantum/eeconfig.o
LOAD .build/obj_keychron_q1_ansi_encoder_via/quantum/keyboard.o
LOAD .build/obj_keychron_q1_ansi_encoder_via/quantum/keymap_common.o
LOAD .build/obj_keychron_q1_ansi_encoder_via/quantum/keycode_config.o
LOAD .build/obj_keychron_q1_ansi_encoder_via/quantum/sync_timer.o
LOAD .build/obj_keychron_q1_ansi_encoder_via/quantum/logging/debug.o
LOAD .build/obj_keychron_q1_ansi_encoder_via/quantum/logging/sendchar.o
LOAD .build/obj_keychron_q1_ansi_encoder_via/quantum/bootmagic/bootmagic_lite.o
LOAD .build/obj_keychron_q1_ansi_encoder_via/quantum/bootmagic/magic.o
LOAD .build/obj_keychron_q1_ansi_encoder_via/quantum/matrix_common.o
LOAD .build/obj_keychron_q1_ansi_encoder_via/quantum/matrix.o
LOAD .build/obj_keychron_q1_ansi_encoder_via/quantum/debounce/sym_defer_g.o
LOAD .build/obj_keychron_q1_ansi_encoder_via/quantum/main.o
LOAD .build/obj_keychron_q1_ansi_encoder_via/quantum/color.o
LOAD .build/obj_keychron_q1_ansi_encoder_via/quantum/rgb_matrix/rgb_matrix.o
LOAD .build/obj_keychron_q1_ansi_encoder_via/quantum/rgb_matrix/rgb_matrix_drivers.o
LOAD .build/obj_keychron_q1_ansi_encoder_via/lib/lib8tion/lib8tion.o
LOAD .build/obj_keychron_q1_ansi_encoder_via/is31fl3733.o
LOAD .build/obj_keychron_q1_ansi_encoder_via/quantum/process_keycode/process_rgb.o
LOAD .build/obj_keychron_q1_ansi_encoder_via/quantum/led_tables.o
LOAD .build/obj_keychron_q1_ansi_encoder_via/quantum/via.o
LOAD .build/obj_keychron_q1_ansi_encoder_via/quantum/process_keycode/process_magic.o
LOAD .build/obj_keychron_q1_ansi_encoder_via/quantum/send_string/send_string.o
LOAD .build/obj_keychron_q1_ansi_encoder_via/quantum/encoder.o
LOAD .build/obj_keychron_q1_ansi_encoder_via/quantum/dip_switch.o
LOAD .build/obj_keychron_q1_ansi_encoder_via/quantum/dynamic_keymap.o
LOAD .build/obj_keychron_q1_ansi_encoder_via/quantum/process_keycode/process_grave_esc.o
LOAD .build/obj_keychron_q1_ansi_encoder_via/quantum/process_keycode/process_space_cadet.o
LOAD .build/obj_keychron_q1_ansi_encoder_via/i2c_master.a
LOAD .build/obj_keychron_q1_ansi_encoder_via/platforms/avr/xprintf.o
LOAD .build/obj_keychron_q1_ansi_encoder_via/platforms/avr/printf.o
LOAD .build/obj_keychron_q1_ansi_encoder_via/protocol/host.o
LOAD .build/obj_keychron_q1_ansi_encoder_via/protocol/report.o
LOAD .build/obj_keychron_q1_ansi_encoder_via/protocol/usb_device_state.o
LOAD .build/obj_keychron_q1_ansi_encoder_via/protocol/usb_util.o
LOAD .build/obj_keychron_q1_ansi_encoder_via/platforms/suspend.o
LOAD .build/obj_keychron_q1_ansi_encoder_via/platforms/avr/hardware_id.o
LOAD .build/obj_keychron_q1_ansi_encoder_via/platforms/avr/platform.o
LOAD .build/obj_keychron_q1_ansi_encoder_via/platforms/avr/suspend.o
LOAD .build/obj_keychron_q1_ansi_encoder_via/platforms/avr/timer.o
LOAD .build/obj_keychron_q1_ansi_encoder_via/platforms/avr/bootloaders/dfu.o
LOAD .build/obj_keychron_q1_ansi_encoder_via/lufa.o
LOAD .build/obj_keychron_q1_ansi_encoder_via/usb_descriptor.o
LOAD .build/obj_keychron_q1_ansi_encoder_via/lib/lufa/LUFA/Drivers/USB/Class/Common/HIDParser.o
LOAD .build/obj_keychron_q1_ansi_encoder_via/lib/lufa/LUFA/Drivers/USB/Core/AVR8/Device_AVR8.o
LOAD .build/obj_keychron_q1_ansi_encoder_via/lib/lufa/LUFA/Drivers/USB/Core/AVR8/EndpointStream_AVR8.o
LOAD .build/obj_keychron_q1_ansi_encoder_via/lib/lufa/LUFA/Drivers/USB/Core/AVR8/Endpoint_AVR8.o
LOAD .build/obj_keychron_q1_ansi_encoder_via/lib/lufa/LUFA/Drivers/USB/Core/AVR8/Host_AVR8.o
LOAD .build/obj_keychron_q1_ansi_encoder_via/lib/lufa/LUFA/Drivers/USB/Core/AVR8/PipeStream_AVR8.o
LOAD .build/obj_keychron_q1_ansi_encoder_via/lib/lufa/LUFA/Drivers/USB/Core/AVR8/Pipe_AVR8.o
LOAD .build/obj_keychron_q1_ansi_encoder_via/lib/lufa/LUFA/Drivers/USB/Core/AVR8/USBController_AVR8.o
LOAD .build/obj_keychron_q1_ansi_encoder_via/lib/lufa/LUFA/Drivers/USB/Core/AVR8/USBInterrupt_AVR8.o
LOAD .build/obj_keychron_q1_ansi_encoder_via/lib/lufa/LUFA/Drivers/USB/Core/ConfigDescriptors.o
LOAD .build/obj_keychron_q1_ansi_encoder_via/lib/lufa/LUFA/Drivers/USB/Core/DeviceStandardReq.o
LOAD .build/obj_keychron_q1_ansi_encoder_via/lib/lufa/LUFA/Drivers/USB/Core/Events.o
LOAD .build/obj_keychron_q1_ansi_encoder_via/lib/lufa/LUFA/Drivers/USB/Core/HostStandardReq.o
LOAD .build/obj_keychron_q1_ansi_encoder_via/lib/lufa/LUFA/Drivers/USB/Core/USBTask.o
LOAD .build/obj_keychron_q1_ansi_encoder_via/protocol/lufa/usb_util.o
LOAD c:/qmk_msys/mingw64/bin/../lib/gcc/avr/8.5.0/../../../../avr/lib/avr5\libm.a
START GROUP
LOAD c:/qmk_msys/mingw64/bin/../lib/gcc/avr/8.5.0/avr5\libgcc.a
LOAD c:/qmk_msys/mingw64/bin/../lib/gcc/avr/8.5.0/../../../../avr/lib/avr5\libm.a
LOAD c:/qmk_msys/mingw64/bin/../lib/gcc/avr/8.5.0/../../../../avr/lib/avr5\libc.a
LOAD c:/qmk_msys/mingw64/bin/../lib/gcc/avr/8.5.0/../../../../avr/lib/avr5\libatmega32u4.a
END GROUP
                0x0000000000020000                __TEXT_REGION_LENGTH__ = DEFINED (__TEXT_REGION_LENGTH__)?__TEXT_REGION_LENGTH__:0x20000
                0x000000000000ffa0                __DATA_REGION_LENGTH__ = DEFINED (__DATA_REGION_LENGTH__)?__DATA_REGION_LENGTH__:0xffa0
                0x0000000000010000                __EEPROM_REGION_LENGTH__ = DEFINED (__EEPROM_REGION_LENGTH__)?__EEPROM_REGION_LENGTH__:0x10000
                [0x0000000000000003]                __FUSE_REGION_LENGTH__ = DEFINED (__FUSE_REGION_LENGTH__)?__FUSE_REGION_LENGTH__:0x400
                0x0000000000000400                __LOCK_REGION_LENGTH__ = DEFINED (__LOCK_REGION_LENGTH__)?__LOCK_REGION_LENGTH__:0x400
                0x0000000000000400                __SIGNATURE_REGION_LENGTH__ = DEFINED (__SIGNATURE_REGION_LENGTH__)?__SIGNATURE_REGION_LENGTH__:0x400
                0x0000000000000400                __USER_SIGNATURE_REGION_LENGTH__ = DEFINED (__USER_SIGNATURE_REGION_LENGTH__)?__USER_SIGNATURE_REGION_LENGTH__:0x400

.hash
 *(.hash)

.dynsym
 *(.dynsym)

.dynstr
 *(.dynstr)

.gnu.version
 *(.gnu.version)

.gnu.version_d
 *(.gnu.version_d)

.gnu.version_r
 *(.gnu.version_r)

.rel.init
 *(.rel.init)

.rela.init
 *(.rela.init)

.rel.text
 *(.rel.text)
 *(.rel.text.*)
 *(.rel.gnu.linkonce.t*)

.rela.text
 *(.rela.text)
 *(.rela.text.*)
 *(.rela.gnu.linkonce.t*)

.rel.fini
 *(.rel.fini)

.rela.fini
 *(.rela.fini)

.rel.rodata
 *(.rel.rodata)
 *(.rel.rodata.*)
 *(.rel.gnu.linkonce.r*)

.rela.rodata
 *(.rela.rodata)
 *(.rela.rodata.*)
 *(.rela.gnu.linkonce.r*)

.rel.data
 *(.rel.data)
 *(.rel.data.*)
 *(.rel.gnu.linkonce.d*)

.rela.data
 *(.rela.data)
 *(.rela.data.*)
 *(.rela.gnu.linkonce.d*)

.rel.ctors
 *(.rel.ctors)

.rela.ctors
 *(.rela.ctors)

.rel.dtors
 *(.rel.dtors)

.rela.dtors
 *(.rela.dtors)

.rel.got
 *(.rel.got)

.rela.got
 *(.rela.got)

.rel.bss
 *(.rel.bss)

.rela.bss
 *(.rela.bss)

.rel.plt
 *(.rel.plt)

.rela.plt
 *(.rela.plt)

.text           0x0000000000000000     0x552e
 *(.vectors)
 .vectors       0x0000000000000000       0xac c:/qmk_msys/mingw64/bin/../lib/gcc/avr/8.5.0/../../../../avr/lib/avr5/crtatmega32u4.o
                0x0000000000000000                __vector_default
                0x0000000000000000                __vectors
 *(.vectors)
 *(.progmem.gcc*)
                0x00000000000000ac                . = ALIGN (0x2)
                0x00000000000000ac                __trampolines_start = .
 *(.trampolines)
 .trampolines   0x00000000000000ac        0x0 linker stubs
 *(.trampolines*)
                0x00000000000000ac                __trampolines_end = .
 *libprintf_flt.a:*(.progmem.data)
 *libc.a:*(.progmem.data)
 *(.progmem.*)
 .progmem.data.SharedReport
                0x00000000000000ac       0x6d C:\Users\GUSTAV~1\AppData\Local\Temp\ccGBmNel.ltrans0.ltrans.o
 .progmem.data.RawReport
                0x0000000000000119       0x22 C:\Users\GUSTAV~1\AppData\Local\Temp\ccGBmNel.ltrans0.ltrans.o
 .progmem.data.KeyboardReport
                0x000000000000013b       0x40 C:\Users\GUSTAV~1\AppData\Local\Temp\ccGBmNel.ltrans0.ltrans.o
 .progmem.data.ascii_to_dead_lut
                0x000000000000017b       0x10 C:\Users\GUSTAV~1\AppData\Local\Temp\ccGBmNel.ltrans0.ltrans.o
 .progmem.data.ascii_to_altgr_lut
                0x000000000000018b       0x10 C:\Users\GUSTAV~1\AppData\Local\Temp\ccGBmNel.ltrans0.ltrans.o
 .progmem.data.ascii_to_shift_lut
                0x000000000000019b       0x10 C:\Users\GUSTAV~1\AppData\Local\Temp\ccGBmNel.ltrans0.ltrans.o
 .progmem.data.ascii_to_keycode_lut
                0x00000000000001ab       0x80 C:\Users\GUSTAV~1\AppData\Local\Temp\ccGBmNel.ltrans0.ltrans.o
 .progmem.data.CIE1931_CURVE
                0x000000000000022b      0x100 C:\Users\GUSTAV~1\AppData\Local\Temp\ccGBmNel.ltrans0.ltrans.o
 .progmem.data.g_is31_leds
                0x000000000000032b      0x148 C:\Users\GUSTAV~1\AppData\Local\Temp\ccGBmNel.ltrans0.ltrans.o
 .progmem.data.keymaps
                0x0000000000000473      0x2d0 C:\Users\GUSTAV~1\AppData\Local\Temp\ccGBmNel.ltrans0.ltrans.o
 .progmem.data.encoder_map
                0x0000000000000743       0x10 C:\Users\GUSTAV~1\AppData\Local\Temp\ccGBmNel.ltrans0.ltrans.o
 .progmem.data.ConfigurationDescriptor
                0x0000000000000753       0x5b C:\Users\GUSTAV~1\AppData\Local\Temp\ccGBmNel.ltrans0.ltrans.o
 .progmem.data.DeviceDescriptor
                0x00000000000007ae       0x12 C:\Users\GUSTAV~1\AppData\Local\Temp\ccGBmNel.ltrans0.ltrans.o
 .progmem.data.ProductString
                0x00000000000007c0        0x8 C:\Users\GUSTAV~1\AppData\Local\Temp\ccGBmNel.ltrans0.ltrans.o
 .progmem.data.ManufacturerString
                0x00000000000007c8       0x14 C:\Users\GUSTAV~1\AppData\Local\Temp\ccGBmNel.ltrans0.ltrans.o
 .progmem.data.LanguageString
                0x00000000000007dc        0x4 C:\Users\GUSTAV~1\AppData\Local\Temp\ccGBmNel.ltrans0.ltrans.o
                0x00000000000007e0                . = ALIGN (0x2)
 *(.lowtext)
 *(.lowtext*)
                0x00000000000007e0                __ctors_start = .
 *(.ctors)
                0x00000000000007e0                __ctors_end = .
                0x00000000000007e0                __dtors_start = .
 *(.dtors)
                0x00000000000007e0                __dtors_end = .
 SORT_BY_NAME(*)(.ctors)
 SORT_BY_NAME(*)(.dtors)
 *(.init0)
 .init0         0x00000000000007e0        0x0 c:/qmk_msys/mingw64/bin/../lib/gcc/avr/8.5.0/../../../../avr/lib/avr5/crtatmega32u4.o
                0x00000000000007e0                __init
 *(.init0)
 *(.init1)
 *(.init1)
 *(.init2)
 .init2         0x00000000000007e0        0xc c:/qmk_msys/mingw64/bin/../lib/gcc/avr/8.5.0/../../../../avr/lib/avr5/crtatmega32u4.o
 *(.init2)
 *(.init3)
 .init3         0x00000000000007ec       0x36 C:\Users\GUSTAV~1\AppData\Local\Temp\ccGBmNel.ltrans0.ltrans.o
                0x00000000000007ec                bootloader_jump_after_watchdog_reset
 *(.init3)
 *(.init4)
 .init4         0x0000000000000822       0x10 c:/qmk_msys/mingw64/bin/../lib/gcc/avr/8.5.0/avr5\libgcc.a(_clear_bss.o)
                0x0000000000000822                __do_clear_bss
 .init4         0x0000000000000832       0x16 c:/qmk_msys/mingw64/bin/../lib/gcc/avr/8.5.0/avr5\libgcc.a(_copy_data.o)
                0x0000000000000832                __do_copy_data
 *(.init4)
 *(.init5)
 *(.init5)
 *(.init6)
 *(.init6)
 *(.init7)
 *(.init7)
 *(.init8)
 *(.init8)
 *(.init9)
 .init9         0x0000000000000848        0x8 c:/qmk_msys/mingw64/bin/../lib/gcc/avr/8.5.0/../../../../avr/lib/avr5/crtatmega32u4.o
 *(.init9)
 *(.text)
 .text          0x0000000000000850        0x4 c:/qmk_msys/mingw64/bin/../lib/gcc/avr/8.5.0/../../../../avr/lib/avr5/crtatmega32u4.o
                0x0000000000000850                __vector_38
                0x0000000000000850                __vector_22
                0x0000000000000850                __vector_28
                0x0000000000000850                __vector_1
                0x0000000000000850                __vector_32
                0x0000000000000850                __vector_34
                0x0000000000000850                __vector_24
                0x0000000000000850                __bad_interrupt
                0x0000000000000850                __vector_6
                0x0000000000000850                __vector_31
                0x0000000000000850                __vector_35
                0x0000000000000850                __vector_39
                0x0000000000000850                __vector_3
                0x0000000000000850                __vector_23
                0x0000000000000850                __vector_30
                0x0000000000000850                __vector_25
                0x0000000000000850                __vector_13
                0x0000000000000850                __vector_17
                0x0000000000000850                __vector_19
                0x0000000000000850                __vector_7
                0x0000000000000850                __vector_41
                0x0000000000000850                __vector_27
                0x0000000000000850                __vector_5
                0x0000000000000850                __vector_33
                0x0000000000000850                __vector_37
                0x0000000000000850                __vector_4
                0x0000000000000850                __vector_9
                0x0000000000000850                __vector_2
                0x0000000000000850                __vector_15
                0x0000000000000850                __vector_36
                0x0000000000000850                __vector_29
                0x0000000000000850                __vector_40
                0x0000000000000850                __vector_8
                0x0000000000000850                __vector_26
                0x0000000000000850                __vector_14
                0x0000000000000850                __vector_16
                0x0000000000000850                __vector_18
                0x0000000000000850                __vector_20
                0x0000000000000850                __vector_42
                0x0000000000000854                . = ALIGN (0x2)
 *(.text.*)
 .text.USB_Disable
                0x0000000000000854       0x3e C:\Users\GUSTAV~1\AppData\Local\Temp\ccGBmNel.ltrans0.ltrans.o
 .text.Endpoint_WaitUntilReady
                0x0000000000000892       0x62 C:\Users\GUSTAV~1\AppData\Local\Temp\ccGBmNel.ltrans0.ltrans.o
 .text.Endpoint_ClearStatusStage
                0x00000000000008f4       0x3e C:\Users\GUSTAV~1\AppData\Local\Temp\ccGBmNel.ltrans0.ltrans.o
 .text.Endpoint_ConfigureEndpoint_Prv
                0x0000000000000932       0x64 C:\Users\GUSTAV~1\AppData\Local\Temp\ccGBmNel.ltrans0.ltrans.o
 .text.USB_Init
                0x0000000000000996       0xb6 C:\Users\GUSTAV~1\AppData\Local\Temp\ccGBmNel.ltrans0.ltrans.o
 .text.Endpoint_Write_Control_Stream_LE
                0x0000000000000a4c       0xbc C:\Users\GUSTAV~1\AppData\Local\Temp\ccGBmNel.ltrans0.ltrans.o
 .text.send_mouse
                0x0000000000000b08        0x2 C:\Users\GUSTAV~1\AppData\Local\Temp\ccGBmNel.ltrans0.ltrans.o
 .text.keyboard_leds
                0x0000000000000b0a        0x6 C:\Users\GUSTAV~1\AppData\Local\Temp\ccGBmNel.ltrans0.ltrans.o
 .text.timer_read32
                0x0000000000000b10       0x18 C:\Users\GUSTAV~1\AppData\Local\Temp\ccGBmNel.ltrans0.ltrans.o
 .text.del_key_from_report
                0x0000000000000b28       0x54 C:\Users\GUSTAV~1\AppData\Local\Temp\ccGBmNel.ltrans0.ltrans.o
 .text.add_key_to_report
                0x0000000000000b7c       0x6a C:\Users\GUSTAV~1\AppData\Local\Temp\ccGBmNel.ltrans0.ltrans.o
 .text.host_consumer_send
                0x0000000000000be6       0x4a C:\Users\GUSTAV~1\AppData\Local\Temp\ccGBmNel.ltrans0.ltrans.o
 .text.host_system_send
                0x0000000000000c30       0x4a C:\Users\GUSTAV~1\AppData\Local\Temp\ccGBmNel.ltrans0.ltrans.o
 .text.host_keyboard_leds
                0x0000000000000c7a       0x1a C:\Users\GUSTAV~1\AppData\Local\Temp\ccGBmNel.ltrans0.ltrans.o
 .text.handleKeycodeRGB
                0x0000000000000c94        0xc C:\Users\GUSTAV~1\AppData\Local\Temp\ccGBmNel.ltrans0.ltrans.o
 .text.rgb_matrix_decrease_speed
                0x0000000000000ca0       0x1c C:\Users\GUSTAV~1\AppData\Local\Temp\ccGBmNel.ltrans0.ltrans.o
 .text.rgb_matrix_increase_speed
                0x0000000000000cbc       0x1c C:\Users\GUSTAV~1\AppData\Local\Temp\ccGBmNel.ltrans0.ltrans.o
 .text.rgb_matrix_sethsv_eeprom_helper
                0x0000000000000cd8       0x20 C:\Users\GUSTAV~1\AppData\Local\Temp\ccGBmNel.ltrans0.ltrans.o
 .text.rgb_matrix_decrease_val
                0x0000000000000cf8       0x1c C:\Users\GUSTAV~1\AppData\Local\Temp\ccGBmNel.ltrans0.ltrans.o
 .text.rgb_matrix_increase_val
                0x0000000000000d14       0x1c C:\Users\GUSTAV~1\AppData\Local\Temp\ccGBmNel.ltrans0.ltrans.o
 .text.rgb_matrix_decrease_sat
                0x0000000000000d30       0x1c C:\Users\GUSTAV~1\AppData\Local\Temp\ccGBmNel.ltrans0.ltrans.o
 .text.rgb_matrix_increase_sat
                0x0000000000000d4c       0x1c C:\Users\GUSTAV~1\AppData\Local\Temp\ccGBmNel.ltrans0.ltrans.o
 .text.rgb_matrix_decrease_hue
                0x0000000000000d68       0x16 C:\Users\GUSTAV~1\AppData\Local\Temp\ccGBmNel.ltrans0.ltrans.o
 .text.rgb_matrix_increase_hue
                0x0000000000000d7e       0x16 C:\Users\GUSTAV~1\AppData\Local\Temp\ccGBmNel.ltrans0.ltrans.o
 .text.rgb_matrix_mode_eeprom_helper
                0x0000000000000d94       0x32 C:\Users\GUSTAV~1\AppData\Local\Temp\ccGBmNel.ltrans0.ltrans.o
 .text.rgb_matrix_step_reverse
                0x0000000000000dc6       0x16 C:\Users\GUSTAV~1\AppData\Local\Temp\ccGBmNel.ltrans0.ltrans.o
 .text.rgb_matrix_step
                0x0000000000000ddc       0x18 C:\Users\GUSTAV~1\AppData\Local\Temp\ccGBmNel.ltrans0.ltrans.o
 .text.RAINBOW_BEACON_math
                0x0000000000000df4       0x5c C:\Users\GUSTAV~1\AppData\Local\Temp\ccGBmNel.ltrans0.ltrans.o
 .text.DUAL_BEACON_math
                0x0000000000000e50       0x5a C:\Users\GUSTAV~1\AppData\Local\Temp\ccGBmNel.ltrans0.ltrans.o
 .text.CYCLE_OUT_IN_math
                0x0000000000000eaa       0x1c C:\Users\GUSTAV~1\AppData\Local\Temp\ccGBmNel.ltrans0.ltrans.o
 .text.RAINBOW_MOVING_CHEVRON_math
                0x0000000000000ec6       0x32 C:\Users\GUSTAV~1\AppData\Local\Temp\ccGBmNel.ltrans0.ltrans.o
 .text.CYCLE_UP_DOWN_math
                0x0000000000000ef8       0x12 C:\Users\GUSTAV~1\AppData\Local\Temp\ccGBmNel.ltrans0.ltrans.o
 .text.CYCLE_LEFT_RIGHT_math
                0x0000000000000f0a       0x12 C:\Users\GUSTAV~1\AppData\Local\Temp\ccGBmNel.ltrans0.ltrans.o
 .text.CYCLE_ALL_math
                0x0000000000000f1c        0x4 C:\Users\GUSTAV~1\AppData\Local\Temp\ccGBmNel.ltrans0.ltrans.o
 .text.rgb_matrix_set_color_all
                0x0000000000000f20        0x6 C:\Users\GUSTAV~1\AppData\Local\Temp\ccGBmNel.ltrans0.ltrans.o
 .text.rgb_matrix_set_color
                0x0000000000000f26        0x6 C:\Users\GUSTAV~1\AppData\Local\Temp\ccGBmNel.ltrans0.ltrans.o
 .text.atan2_8  0x0000000000000f2c       0x66 C:\Users\GUSTAV~1\AppData\Local\Temp\ccGBmNel.ltrans0.ltrans.o
 .text.CYCLE_SPIRAL_math
                0x0000000000000f92       0x28 C:\Users\GUSTAV~1\AppData\Local\Temp\ccGBmNel.ltrans0.ltrans.o
 .text.CYCLE_PINWHEEL_math
                0x0000000000000fba       0x22 C:\Users\GUSTAV~1\AppData\Local\Temp\ccGBmNel.ltrans0.ltrans.o
 .text.BAND_SPIRAL_VAL_math
                0x0000000000000fdc       0x38 C:\Users\GUSTAV~1\AppData\Local\Temp\ccGBmNel.ltrans0.ltrans.o
 .text.sin8_avr
                0x0000000000001014       0x3e C:\Users\GUSTAV~1\AppData\Local\Temp\ccGBmNel.ltrans0.ltrans.o
 .text.random8  0x0000000000001052       0x2a C:\Users\GUSTAV~1\AppData\Local\Temp\ccGBmNel.ltrans0.ltrans.o
 .text.sqrt16   0x000000000000107c       0x60 C:\Users\GUSTAV~1\AppData\Local\Temp\ccGBmNel.ltrans0.ltrans.o
 .text.CYCLE_OUT_IN_DUAL_math
                0x00000000000010dc       0x50 C:\Users\GUSTAV~1\AppData\Local\Temp\ccGBmNel.ltrans0.ltrans.o
 .text.scale16by8
                0x000000000000112c       0x14 C:\Users\GUSTAV~1\AppData\Local\Temp\ccGBmNel.ltrans0.ltrans.o
 .text.hsv_to_rgb
                0x0000000000001140      0x128 C:\Users\GUSTAV~1\AppData\Local\Temp\ccGBmNel.ltrans0.ltrans.o
 .text.effect_runner_sin_cos_i.constprop.60
                0x0000000000001268       0xac C:\Users\GUSTAV~1\AppData\Local\Temp\ccGBmNel.ltrans0.ltrans.o
 .text.effect_runner_dx_dy_dist.constprop.57
                0x0000000000001314       0xda C:\Users\GUSTAV~1\AppData\Local\Temp\ccGBmNel.ltrans0.ltrans.o
 .text.effect_runner_dx_dy.constprop.55
                0x00000000000013ee       0xac C:\Users\GUSTAV~1\AppData\Local\Temp\ccGBmNel.ltrans0.ltrans.o
 .text.effect_runner_i.constprop.51
                0x000000000000149a       0x94 C:\Users\GUSTAV~1\AppData\Local\Temp\ccGBmNel.ltrans0.ltrans.o
 .text.sendchar
                0x000000000000152e        0x4 C:\Users\GUSTAV~1\AppData\Local\Temp\ccGBmNel.ltrans0.ltrans.o
 .text.setPinInputHigh_atomic
                0x0000000000001532       0x2e C:\Users\GUSTAV~1\AppData\Local\Temp\ccGBmNel.ltrans0.ltrans.o
 .text.mod_config
                0x0000000000001560       0x86 C:\Users\GUSTAV~1\AppData\Local\Temp\ccGBmNel.ltrans0.ltrans.o
 .text.action_for_keycode
                0x00000000000015e6      0x31e C:\Users\GUSTAV~1\AppData\Local\Temp\ccGBmNel.ltrans0.ltrans.o
 .text.clear_oneshot_mods
                0x0000000000001904        0xc C:\Users\GUSTAV~1\AppData\Local\Temp\ccGBmNel.ltrans0.ltrans.o
 .text.del_mods
                0x0000000000001910        0xe C:\Users\GUSTAV~1\AppData\Local\Temp\ccGBmNel.ltrans0.ltrans.o
 .text.debug_waiting_buffer
                0x000000000000191e       0x14 C:\Users\GUSTAV~1\AppData\Local\Temp\ccGBmNel.ltrans0.ltrans.o
 .text.read_source_layers_cache_impl
                0x0000000000001932       0x4e C:\Users\GUSTAV~1\AppData\Local\Temp\ccGBmNel.ltrans0.ltrans.o
 .text.read_source_layers_cache
                0x0000000000001980       0x32 C:\Users\GUSTAV~1\AppData\Local\Temp\ccGBmNel.ltrans0.ltrans.o
 .text.update_source_layers_cache_impl
                0x00000000000019b2       0x5a C:\Users\GUSTAV~1\AppData\Local\Temp\ccGBmNel.ltrans0.ltrans.o
 .text.update_source_layers_cache
                0x0000000000001a0c       0x34 C:\Users\GUSTAV~1\AppData\Local\Temp\ccGBmNel.ltrans0.ltrans.o
 .text.layer_state_set
                0x0000000000001a40        0x6 C:\Users\GUSTAV~1\AppData\Local\Temp\ccGBmNel.ltrans0.ltrans.o
 .text.update_tri_layer.constprop.67
                0x0000000000001a46       0x18 C:\Users\GUSTAV~1\AppData\Local\Temp\ccGBmNel.ltrans0.ltrans.o
 .text.layer_off
                0x0000000000001a5e       0x1a C:\Users\GUSTAV~1\AppData\Local\Temp\ccGBmNel.ltrans0.ltrans.o
 .text.clear_oneshot_layer_state
                0x0000000000001a78       0x38 C:\Users\GUSTAV~1\AppData\Local\Temp\ccGBmNel.ltrans0.ltrans.o
 .text.layer_on
                0x0000000000001ab0       0x18 C:\Users\GUSTAV~1\AppData\Local\Temp\ccGBmNel.ltrans0.ltrans.o
 .text.default_layer_state_set
                0x0000000000001ac8        0x6 C:\Users\GUSTAV~1\AppData\Local\Temp\ccGBmNel.ltrans0.ltrans.o
 .text.send_report
                0x0000000000001ace       0x76 C:\Users\GUSTAV~1\AppData\Local\Temp\ccGBmNel.ltrans0.ltrans.o
 .text.send_extra
                0x0000000000001b44        0xe C:\Users\GUSTAV~1\AppData\Local\Temp\ccGBmNel.ltrans0.ltrans.o
 .text.send_keyboard
                0x0000000000001b52       0x48 C:\Users\GUSTAV~1\AppData\Local\Temp\ccGBmNel.ltrans0.ltrans.o
 .text.bootloader_jump
                0x0000000000001b9a       0x48 C:\Users\GUSTAV~1\AppData\Local\Temp\ccGBmNel.ltrans0.ltrans.o
 .text.dynamic_keymap_macro_reset
                0x0000000000001be2       0x20 C:\Users\GUSTAV~1\AppData\Local\Temp\ccGBmNel.ltrans0.ltrans.o
 .text.dynamic_keymap_set_encoder
                0x0000000000001c02       0x56 C:\Users\GUSTAV~1\AppData\Local\Temp\ccGBmNel.ltrans0.ltrans.o
 .text.dynamic_keymap_set_keycode
                0x0000000000001c58       0x4c C:\Users\GUSTAV~1\AppData\Local\Temp\ccGBmNel.ltrans0.ltrans.o
 .text.dynamic_keymap_reset
                0x0000000000001ca4       0x9e C:\Users\GUSTAV~1\AppData\Local\Temp\ccGBmNel.ltrans0.ltrans.o
 .text.via_eeprom_set_valid
                0x0000000000001d42       0x32 C:\Users\GUSTAV~1\AppData\Local\Temp\ccGBmNel.ltrans0.ltrans.o
 .text.eeconfig_init_via
                0x0000000000001d74       0x20 C:\Users\GUSTAV~1\AppData\Local\Temp\ccGBmNel.ltrans0.ltrans.o
 .text.dynamic_keymap_get_encoder
                0x0000000000001d94       0x66 C:\Users\GUSTAV~1\AppData\Local\Temp\ccGBmNel.ltrans0.ltrans.o
 .text.dynamic_keymap_get_keycode
                0x0000000000001dfa       0x5e C:\Users\GUSTAV~1\AppData\Local\Temp\ccGBmNel.ltrans0.ltrans.o
 .text.keymap_key_to_keycode
                0x0000000000001e58       0x3e C:\Users\GUSTAV~1\AppData\Local\Temp\ccGBmNel.ltrans0.ltrans.o
 .text.layer_switch_get_layer
                0x0000000000001e96       0x5e C:\Users\GUSTAV~1\AppData\Local\Temp\ccGBmNel.ltrans0.ltrans.o
 .text.layer_switch_get_action
                0x0000000000001ef4       0x1a C:\Users\GUSTAV~1\AppData\Local\Temp\ccGBmNel.ltrans0.ltrans.o
 .text.is_tap_record
                0x0000000000001f0e       0x54 C:\Users\GUSTAV~1\AppData\Local\Temp\ccGBmNel.ltrans0.ltrans.o
 .text.via_eeprom_is_valid
                0x0000000000001f62       0x32 C:\Users\GUSTAV~1\AppData\Local\Temp\ccGBmNel.ltrans0.ltrans.o
 .text.IS31FL3733_write_register
                0x0000000000001f94       0x26 C:\Users\GUSTAV~1\AppData\Local\Temp\ccGBmNel.ltrans0.ltrans.o
 .text.IS31FL3733_init.constprop.1
                0x0000000000001fba       0x9e C:\Users\GUSTAV~1\AppData\Local\Temp\ccGBmNel.ltrans0.ltrans.o
 .text.IS31FL3733_update_led_control_registers
                0x0000000000002058       0x62 C:\Users\GUSTAV~1\AppData\Local\Temp\ccGBmNel.ltrans0.ltrans.o
 .text.IS31FL3733_update_pwm_buffers
                0x00000000000020ba       0xae C:\Users\GUSTAV~1\AppData\Local\Temp\ccGBmNel.ltrans0.ltrans.o
 .text.flush    0x0000000000002168       0x12 C:\Users\GUSTAV~1\AppData\Local\Temp\ccGBmNel.ltrans0.ltrans.o
 .text.IS31FL3733_set_color
                0x000000000000217a       0x74 C:\Users\GUSTAV~1\AppData\Local\Temp\ccGBmNel.ltrans0.ltrans.o
 .text.IS31FL3733_set_color_all
                0x00000000000021ee       0x32 C:\Users\GUSTAV~1\AppData\Local\Temp\ccGBmNel.ltrans0.ltrans.o
 .text.init     0x0000000000002220       0xe8 C:\Users\GUSTAV~1\AppData\Local\Temp\ccGBmNel.ltrans0.ltrans.o
 .text.jellybean_raindrops_set_color.isra.3
                0x0000000000002308       0x48 C:\Users\GUSTAV~1\AppData\Local\Temp\ccGBmNel.ltrans0.ltrans.o
 .text.rgb_task_render
                0x0000000000002350      0x33c C:\Users\GUSTAV~1\AppData\Local\Temp\ccGBmNel.ltrans0.ltrans.o
 .text.eeconfig_flush_rgb_matrix.part.2
                0x000000000000268c       0x16 C:\Users\GUSTAV~1\AppData\Local\Temp\ccGBmNel.ltrans0.ltrans.o
 .text.rgb_matrix_task
                0x00000000000026a2       0xc4 C:\Users\GUSTAV~1\AppData\Local\Temp\ccGBmNel.ltrans0.ltrans.o
 .text.eeconfig_update_rgb_matrix_default
                0x0000000000002766       0x28 C:\Users\GUSTAV~1\AppData\Local\Temp\ccGBmNel.ltrans0.ltrans.o
 .text.oneshot_set
                0x000000000000278e       0x2e C:\Users\GUSTAV~1\AppData\Local\Temp\ccGBmNel.ltrans0.ltrans.o
 .text.eeconfig_is_enabled
                0x00000000000027bc       0x18 C:\Users\GUSTAV~1\AppData\Local\Temp\ccGBmNel.ltrans0.ltrans.o
 .text.send_keyboard_report
                0x00000000000027d4       0xaa C:\Users\GUSTAV~1\AppData\Local\Temp\ccGBmNel.ltrans0.ltrans.o
 .text.clear_keyboard
                0x000000000000287e       0x40 C:\Users\GUSTAV~1\AppData\Local\Temp\ccGBmNel.ltrans0.ltrans.o
 .text.USB_Device_ProcessControlRequest
                0x00000000000028be      0x57c C:\Users\GUSTAV~1\AppData\Local\Temp\ccGBmNel.ltrans0.ltrans.o
 .text.soft_reset_keyboard
                0x0000000000002e3a       0x2c C:\Users\GUSTAV~1\AppData\Local\Temp\ccGBmNel.ltrans0.ltrans.o
 .text.unregister_mods
                0x0000000000002e66        0xe C:\Users\GUSTAV~1\AppData\Local\Temp\ccGBmNel.ltrans0.ltrans.o
 .text.register_mods
                0x0000000000002e74       0x14 C:\Users\GUSTAV~1\AppData\Local\Temp\ccGBmNel.ltrans0.ltrans.o
 .text.unregister_code
                0x0000000000002e88       0x5a C:\Users\GUSTAV~1\AppData\Local\Temp\ccGBmNel.ltrans0.ltrans.o
 .text.register_code
                0x0000000000002ee2       0xd8 C:\Users\GUSTAV~1\AppData\Local\Temp\ccGBmNel.ltrans0.ltrans.o
 .text.tap_code
                0x0000000000002fba       0x3c C:\Users\GUSTAV~1\AppData\Local\Temp\ccGBmNel.ltrans0.ltrans.o
 .text.eeconfig_init_quantum
                0x0000000000002ff6       0xc4 C:\Users\GUSTAV~1\AppData\Local\Temp\ccGBmNel.ltrans0.ltrans.o
 .text.__vector_11
                0x00000000000030ba       0x88 C:\Users\GUSTAV~1\AppData\Local\Temp\ccGBmNel.ltrans0.ltrans.o
                0x00000000000030ba                __vector_11
 .text.__vector_10
                0x0000000000003142      0x1b2 C:\Users\GUSTAV~1\AppData\Local\Temp\ccGBmNel.ltrans0.ltrans.o
                0x0000000000003142                __vector_10
 .text.__vector_21
                0x00000000000032f4       0x48 C:\Users\GUSTAV~1\AppData\Local\Temp\ccGBmNel.ltrans0.ltrans.o
                0x00000000000032f4                __vector_21
 .text.timer_elapsed
                0x000000000000333c       0x1e C:\Users\GUSTAV~1\AppData\Local\Temp\ccGBmNel.ltrans0.ltrans.o
                0x000000000000333c                timer_elapsed
 .text.timer_read
                0x000000000000335a       0x18 C:\Users\GUSTAV~1\AppData\Local\Temp\ccGBmNel.ltrans0.ltrans.o
                0x000000000000335a                timer_read
 .text.perform_space_cadet.constprop.65
                0x0000000000003372       0xba C:\Users\GUSTAV~1\AppData\Local\Temp\ccGBmNel.ltrans0.ltrans.o
 .text.process_record
                0x000000000000342c      0xb48 C:\Users\GUSTAV~1\AppData\Local\Temp\ccGBmNel.ltrans0.ltrans.o
 .text.waiting_buffer_scan_tap
                0x0000000000003f74       0xaa C:\Users\GUSTAV~1\AppData\Local\Temp\ccGBmNel.ltrans0.ltrans.o
 .text.process_tapping
                0x000000000000401e      0x2c2 C:\Users\GUSTAV~1\AppData\Local\Temp\ccGBmNel.ltrans0.ltrans.o
 .text.action_exec
                0x00000000000042e0      0x10a C:\Users\GUSTAV~1\AppData\Local\Temp\ccGBmNel.ltrans0.ltrans.o
 .text.matrix_scan
                0x00000000000043ea      0x174 C:\Users\GUSTAV~1\AppData\Local\Temp\ccGBmNel.ltrans0.ltrans.o
 .text.__vector_12
                0x000000000000455e       0x4e C:\Users\GUSTAV~1\AppData\Local\Temp\ccGBmNel.ltrans0.ltrans.o
                0x000000000000455e                __vector_12
 .text.startup.main
                0x00000000000045ac      0x9e4 C:\Users\GUSTAV~1\AppData\Local\Temp\ccGBmNel.ltrans0.ltrans.o
                0x00000000000045ac                main
 .text.i2c_init
                0x0000000000004f90        0xc .build/obj_keychron_q1_ansi_encoder_via/i2c_master.a(i2c_master.o)
                0x0000000000004f90                i2c_init
 .text.i2c_start
                0x0000000000004f9c       0xd8 .build/obj_keychron_q1_ansi_encoder_via/i2c_master.a(i2c_master.o)
                0x0000000000004f9c                i2c_start
 .text.i2c_write
                0x0000000000005074       0x5c .build/obj_keychron_q1_ansi_encoder_via/i2c_master.a(i2c_master.o)
                0x0000000000005074                i2c_write
 .text.i2c_transmit
                0x00000000000050d0       0x42 .build/obj_keychron_q1_ansi_encoder_via/i2c_master.a(i2c_master.o)
                0x00000000000050d0                i2c_transmit
 .text.libgcc.div
                0x0000000000005112       0x28 c:/qmk_msys/mingw64/bin/../lib/gcc/avr/8.5.0/avr5\libgcc.a(_udivmodhi4.o)
                0x0000000000005112                __udivmodhi4
 .text.libgcc.prologue
                0x000000000000513a       0x38 c:/qmk_msys/mingw64/bin/../lib/gcc/avr/8.5.0/avr5\libgcc.a(_prologue.o)
                0x000000000000513a                __prologue_saves__
 .text.libgcc.prologue
                0x0000000000005172       0x36 c:/qmk_msys/mingw64/bin/../lib/gcc/avr/8.5.0/avr5\libgcc.a(_epilogue.o)
                0x0000000000005172                __epilogue_restores__
 .text.libgcc.div
                0x00000000000051a8       0x28 c:/qmk_msys/mingw64/bin/../lib/gcc/avr/8.5.0/avr5\libgcc.a(_divmodhi4.o)
                0x00000000000051a8                _div
                0x00000000000051a8                __divmodhi4
 .text.libgcc   0x00000000000051d0        0xc c:/qmk_msys/mingw64/bin/../lib/gcc/avr/8.5.0/avr5\libgcc.a(_tablejump2.o)
                0x00000000000051d0                __tablejump2__
 .text.libgcc.builtins
                0x00000000000051dc        0xe c:/qmk_msys/mingw64/bin/../lib/gcc/avr/8.5.0/avr5\libgcc.a(_bswapsi2.o)
                0x00000000000051dc                __bswapsi2
 .text.avr-libc
                0x00000000000051ea       0xb8 c:/qmk_msys/mingw64/bin/../lib/gcc/avr/8.5.0/../../../../avr/lib/avr5\libc.a(rand.o)
                0x000000000000527c                rand_r
                0x0000000000005282                rand
                0x000000000000528c                srand
 .text.avr-libc
                0x00000000000052a2       0x12 c:/qmk_msys/mingw64/bin/../lib/gcc/avr/8.5.0/../../../../avr/lib/avr5\libc.a(memcpy_P.o)
                0x00000000000052a2                memcpy_P
 .text.avr-libc
                0x00000000000052b4       0x1a c:/qmk_msys/mingw64/bin/../lib/gcc/avr/8.5.0/../../../../avr/lib/avr5\libc.a(memcmp.o)
                0x00000000000052b4                memcmp
 .text.avr-libc
                0x00000000000052ce       0x20 c:/qmk_msys/mingw64/bin/../lib/gcc/avr/8.5.0/../../../../avr/lib/avr5\libatmega32u4.a(eerd_block.o)
                0x00000000000052ce                eeprom_read_block
                0x00000000000052d2                eeprom_read_blraw
 .text.avr-libc
                0x00000000000052ee       0x10 c:/qmk_msys/mingw64/bin/../lib/gcc/avr/8.5.0/../../../../avr/lib/avr5\libatmega32u4.a(eerd_byte.o)
                0x00000000000052ee                eeprom_read_byte
 .text.avr-libc
                0x00000000000052fe        0xc c:/qmk_msys/mingw64/bin/../lib/gcc/avr/8.5.0/../../../../avr/lib/avr5\libatmega32u4.a(eerd_word.o)
                0x00000000000052fe                eeprom_read_word
 .text.avr-libc
                0x000000000000530a       0x20 c:/qmk_msys/mingw64/bin/../lib/gcc/avr/8.5.0/../../../../avr/lib/avr5\libatmega32u4.a(eeupd_block.o)
                0x000000000000530a                eeprom_update_block
 .text.avr-libc
                0x000000000000532a       0x24 c:/qmk_msys/mingw64/bin/../lib/gcc/avr/8.5.0/../../../../avr/lib/avr5\libatmega32u4.a(eeupd_byte.o)
                0x000000000000532a                eeprom_update_byte
                0x000000000000532c                eeprom_update_r18
 .text.avr-libc
                0x000000000000534e       0x18 c:/qmk_msys/mingw64/bin/../lib/gcc/avr/8.5.0/../../../../avr/lib/avr5\libatmega32u4.a(eeupd_dword.o)
                0x000000000000534e                eeprom_update_float
                0x000000000000534e                eeprom_update_dword
 .text.avr-libc
                0x0000000000005366        0xc c:/qmk_msys/mingw64/bin/../lib/gcc/avr/8.5.0/../../../../avr/lib/avr5\libatmega32u4.a(eeupd_word.o)
                0x0000000000005366                eeprom_update_word
 .text.libgcc.div
                0x0000000000005372       0x2e c:/qmk_msys/mingw64/bin/../lib/gcc/avr/8.5.0/avr5\libgcc.a(_divmodsi4.o)
                0x0000000000005372                __divmodsi4
 .text.libgcc.div
                0x00000000000053a0       0x10 c:/qmk_msys/mingw64/bin/../lib/gcc/avr/8.5.0/avr5\libgcc.a(_negsi2.o)
                0x00000000000053a0                __negsi2
 .text.libgcc.mul
                0x00000000000053b0       0x16 c:/qmk_msys/mingw64/bin/../lib/gcc/avr/8.5.0/avr5\libgcc.a(_muluhisi3.o)
                0x00000000000053b0                __muluhisi3
 .text.libgcc.mul
                0x00000000000053c6       0x10 c:/qmk_msys/mingw64/bin/../lib/gcc/avr/8.5.0/avr5\libgcc.a(_mulshisi3.o)
                0x00000000000053c6                __mulshisi3
                0x00000000000053cc                __mulohisi3
 .text.libgcc.div
                0x00000000000053d6       0x44 c:/qmk_msys/mingw64/bin/../lib/gcc/avr/8.5.0/avr5\libgcc.a(_udivmodsi4.o)
                0x00000000000053d6                __udivmodsi4
 .text.libgcc.mul
                0x000000000000541a       0x1e c:/qmk_msys/mingw64/bin/../lib/gcc/avr/8.5.0/avr5\libgcc.a(_umulhisi3.o)
                0x000000000000541a                __umulhisi3
                0x0000000000005438                . = ALIGN (0x2)
 *(.fini9)
 .fini9         0x0000000000005438        0x0 c:/qmk_msys/mingw64/bin/../lib/gcc/avr/8.5.0/avr5\libgcc.a(_exit.o)
                0x0000000000005438                _exit
                0x0000000000005438                exit
 *(.fini9)
 *(.fini8)
 *(.fini8)
 *(.fini7)
 *(.fini7)
 *(.fini6)
 *(.fini6)
 *(.fini5)
 *(.fini5)
 *(.fini4)
 *(.fini4)
 *(.fini3)
 *(.fini3)
 *(.fini2)
 *(.fini2)
 *(.fini1)
 *(.fini1)
 *(.fini0)
 .fini0         0x0000000000005438        0x4 c:/qmk_msys/mingw64/bin/../lib/gcc/avr/8.5.0/avr5\libgcc.a(_exit.o)
 *(.fini0)
 *(.hightext)
 *(.hightext*)
 *(.progmemx.*)
                0x000000000000543c                . = ALIGN (0x2)
 *(.jumptables)
 *(.jumptables*)
 .jumptables.gcc.rgb_task_render
                0x000000000000543c       0x20 C:\Users\GUSTAV~1\AppData\Local\Temp\ccGBmNel.ltrans0.ltrans.o
 .jumptables.gcc.USB_Device_ProcessControlRequest
                0x000000000000545c       0x14 C:\Users\GUSTAV~1\AppData\Local\Temp\ccGBmNel.ltrans0.ltrans.o
 .jumptables.gcc.process_record
                0x0000000000005470       0x94 C:\Users\GUSTAV~1\AppData\Local\Temp\ccGBmNel.ltrans0.ltrans.o
 .jumptables.gcc.main
                0x0000000000005504       0x2a C:\Users\GUSTAV~1\AppData\Local\Temp\ccGBmNel.ltrans0.ltrans.o
                0x000000000000552e                _etext = .

.data           0x0000000000800100      0x1e6 load address 0x000000000000552e
                0x0000000000800100                PROVIDE (__data_start = .)
 *(.data)
 .data          0x0000000000800100        0x4 c:/qmk_msys/mingw64/bin/../lib/gcc/avr/8.5.0/../../../../avr/lib/avr5\libc.a(rand.o)
 *(.data*)
 .data.lufa_driver
                0x0000000000800104        0x8 C:\Users\GUSTAV~1\AppData\Local\Temp\ccGBmNel.ltrans0.ltrans.o
 .data.rand16seed
                0x000000000080010c        0x2 C:\Users\GUSTAV~1\AppData\Local\Temp\ccGBmNel.ltrans0.ltrans.o
 .data.rgb_last_enable
                0x000000000080010e        0x1 C:\Users\GUSTAV~1\AppData\Local\Temp\ccGBmNel.ltrans0.ltrans.o
 .data.rgb_last_effect
                0x000000000080010f        0x1 C:\Users\GUSTAV~1\AppData\Local\Temp\ccGBmNel.ltrans0.ltrans.o
 .data.rgb_task_state
                0x0000000000800110        0x1 C:\Users\GUSTAV~1\AppData\Local\Temp\ccGBmNel.ltrans0.ltrans.o
 .data.keyboard_protocol
                0x0000000000800111        0x1 C:\Users\GUSTAV~1\AppData\Local\Temp\ccGBmNel.ltrans0.ltrans.o
 .data.rgb_effect_params
                0x0000000000800112        0x3 C:\Users\GUSTAV~1\AppData\Local\Temp\ccGBmNel.ltrans0.ltrans.o
 *(.gnu.linkonce.d*)
 *(.rodata)
 .rodata        0x0000000000800115        0x3 C:\Users\GUSTAV~1\AppData\Local\Temp\ccGBmNel.ltrans0.ltrans.o
 *(.rodata*)
 .rodata.CSWTCH.13
                0x0000000000800118        0x3 C:\Users\GUSTAV~1\AppData\Local\Temp\ccGBmNel.ltrans0.ltrans.o
 .rodata.CSWTCH.14
                0x000000000080011b       0x32 C:\Users\GUSTAV~1\AppData\Local\Temp\ccGBmNel.ltrans0.ltrans.o
 .rodata.col_pins
                0x000000000080014d        0xf C:\Users\GUSTAV~1\AppData\Local\Temp\ccGBmNel.ltrans0.ltrans.o
 .rodata.row_pins
                0x000000000080015c        0x6 C:\Users\GUSTAV~1\AppData\Local\Temp\ccGBmNel.ltrans0.ltrans.o
 .rodata.encoder_LUT
                0x0000000000800162       0x10 C:\Users\GUSTAV~1\AppData\Local\Temp\ccGBmNel.ltrans0.ltrans.o
 .rodata.matrix_mask
                0x0000000000800172        0xc C:\Users\GUSTAV~1\AppData\Local\Temp\ccGBmNel.ltrans0.ltrans.o
 .rodata.b_m16_interleave
                0x000000000080017e        0x8 C:\Users\GUSTAV~1\AppData\Local\Temp\ccGBmNel.ltrans0.ltrans.o
 .rodata.CSWTCH.2
                0x0000000000800186        0x3 C:\Users\GUSTAV~1\AppData\Local\Temp\ccGBmNel.ltrans0.ltrans.o
 .rodata.CSWTCH.1
                0x0000000000800189        0x6 C:\Users\GUSTAV~1\AppData\Local\Temp\ccGBmNel.ltrans0.ltrans.o
 .rodata.CSWTCH.0
                0x000000000080018f        0x6 C:\Users\GUSTAV~1\AppData\Local\Temp\ccGBmNel.ltrans0.ltrans.o
 .rodata.g_led_config
                0x0000000000800195      0x150 C:\Users\GUSTAV~1\AppData\Local\Temp\ccGBmNel.ltrans0.ltrans.o
 *(.gnu.linkonce.r*)
                0x00000000008002e6                . = ALIGN (0x2)
 *fill*         0x00000000008002e5        0x1 
                0x00000000008002e6                _edata = .
                0x00000000008002e6                PROVIDE (__data_end = .)

.bss            0x00000000008002e6      0x2f6
                0x00000000008002e6                PROVIDE (__bss_start = .)
 *(.bss)
 .bss           0x00000000008002e6        0x2 .build/obj_keychron_q1_ansi_encoder_via/platforms/avr/xprintf.o
                0x00000000008002e6                xfunc_out
 *(.bss*)
 .bss.__compound_literal.0
                0x00000000008002e8       0x20 C:\Users\GUSTAV~1\AppData\Local\Temp\ccGBmNel.ltrans0.ltrans.o
 .bss.grave_esc_was_shifted
                0x0000000000800308        0x1 C:\Users\GUSTAV~1\AppData\Local\Temp\ccGBmNel.ltrans0.ltrans.o
 .bss.encoder_source_layers_cache
                0x0000000000800309        0x3 C:\Users\GUSTAV~1\AppData\Local\Temp\ccGBmNel.ltrans0.ltrans.o
 .bss.source_layers_cache
                0x000000000080030c       0x24 C:\Users\GUSTAV~1\AppData\Local\Temp\ccGBmNel.ltrans0.ltrans.o
 .bss.tapping_key
                0x0000000000800330        0x6 C:\Users\GUSTAV~1\AppData\Local\Temp\ccGBmNel.ltrans0.ltrans.o
 .bss.waiting_buffer_head
                0x0000000000800336        0x1 C:\Users\GUSTAV~1\AppData\Local\Temp\ccGBmNel.ltrans0.ltrans.o
 .bss.waiting_buffer
                0x0000000000800337       0x30 C:\Users\GUSTAV~1\AppData\Local\Temp\ccGBmNel.ltrans0.ltrans.o
 .bss.waiting_buffer_tail
                0x0000000000800367        0x1 C:\Users\GUSTAV~1\AppData\Local\Temp\ccGBmNel.ltrans0.ltrans.o
 .bss.oneshot_layer_data
                0x0000000000800368        0x1 C:\Users\GUSTAV~1\AppData\Local\Temp\ccGBmNel.ltrans0.ltrans.o
 .bss.last_report.6508
                0x0000000000800369       0x20 C:\Users\GUSTAV~1\AppData\Local\Temp\ccGBmNel.ltrans0.ltrans.o
 .bss.weak_mods
                0x0000000000800389        0x1 C:\Users\GUSTAV~1\AppData\Local\Temp\ccGBmNel.ltrans0.ltrans.o
 .bss.real_mods
                0x000000000080038a        0x1 C:\Users\GUSTAV~1\AppData\Local\Temp\ccGBmNel.ltrans0.ltrans.o
 .bss.oneshot_mods
                0x000000000080038b        0x1 C:\Users\GUSTAV~1\AppData\Local\Temp\ccGBmNel.ltrans0.ltrans.o
 .bss.default_layer_state
                0x000000000080038c        0x1 C:\Users\GUSTAV~1\AppData\Local\Temp\ccGBmNel.ltrans0.ltrans.o
 .bss.debouncing_time
                0x000000000080038d        0x2 C:\Users\GUSTAV~1\AppData\Local\Temp\ccGBmNel.ltrans0.ltrans.o
 .bss.debouncing
                0x000000000080038f        0x1 C:\Users\GUSTAV~1\AppData\Local\Temp\ccGBmNel.ltrans0.ltrans.o
 .bss.last_tick.7487
                0x0000000000800390        0x2 C:\Users\GUSTAV~1\AppData\Local\Temp\ccGBmNel.ltrans0.ltrans.o
 .bss.debug_config
                0x0000000000800392        0x1 C:\Users\GUSTAV~1\AppData\Local\Temp\ccGBmNel.ltrans0.ltrans.o
 .bss.matrix_previous.7494
                0x0000000000800393        0xc C:\Users\GUSTAV~1\AppData\Local\Temp\ccGBmNel.ltrans0.ltrans.o
 .bss.raw_matrix
                0x000000000080039f        0xc C:\Users\GUSTAV~1\AppData\Local\Temp\ccGBmNel.ltrans0.ltrans.o
 .bss.last_dip_switch_state
                0x00000000008003ab        0x1 C:\Users\GUSTAV~1\AppData\Local\Temp\ccGBmNel.ltrans0.ltrans.o
 .bss.dip_switch_state
                0x00000000008003ac        0x1 C:\Users\GUSTAV~1\AppData\Local\Temp\ccGBmNel.ltrans0.ltrans.o
 .bss.scan_count
                0x00000000008003ad        0x2 C:\Users\GUSTAV~1\AppData\Local\Temp\ccGBmNel.ltrans0.ltrans.o
 .bss.encoder_value
                0x00000000008003af        0x1 C:\Users\GUSTAV~1\AppData\Local\Temp\ccGBmNel.ltrans0.ltrans.o
 .bss.encoder_pulses
                0x00000000008003b0        0x1 C:\Users\GUSTAV~1\AppData\Local\Temp\ccGBmNel.ltrans0.ltrans.o
 .bss.thisCount
                0x00000000008003b1        0x1 C:\Users\GUSTAV~1\AppData\Local\Temp\ccGBmNel.ltrans0.ltrans.o
 .bss.encoder_state
                0x00000000008003b2        0x1 C:\Users\GUSTAV~1\AppData\Local\Temp\ccGBmNel.ltrans0.ltrans.o
 .bss.last_led_status.6031
                0x00000000008003b3        0x1 C:\Users\GUSTAV~1\AppData\Local\Temp\ccGBmNel.ltrans0.ltrans.o
 .bss.matrix    0x00000000008003b4        0xc C:\Users\GUSTAV~1\AppData\Local\Temp\ccGBmNel.ltrans0.ltrans.o
 .bss.wait_timer.8043
                0x00000000008003c0        0x4 C:\Users\GUSTAV~1\AppData\Local\Temp\ccGBmNel.ltrans0.ltrans.o
 .bss.rgb_timer_buffer
                0x00000000008003c4        0x4 C:\Users\GUSTAV~1\AppData\Local\Temp\ccGBmNel.ltrans0.ltrans.o
 .bss.suspend_state
                0x00000000008003c8        0x1 C:\Users\GUSTAV~1\AppData\Local\Temp\ccGBmNel.ltrans0.ltrans.o
 .bss.dirty_rgb_matrix
                0x00000000008003c9        0x1 C:\Users\GUSTAV~1\AppData\Local\Temp\ccGBmNel.ltrans0.ltrans.o
 .bss.g_twi_transfer_buffer
                0x00000000008003ca       0x14 C:\Users\GUSTAV~1\AppData\Local\Temp\ccGBmNel.ltrans0.ltrans.o
 .bss.g_pwm_buffer
                0x00000000008003de      0x180 C:\Users\GUSTAV~1\AppData\Local\Temp\ccGBmNel.ltrans0.ltrans.o
 .bss.g_pwm_buffer_update_required
                0x000000000080055e        0x2 C:\Users\GUSTAV~1\AppData\Local\Temp\ccGBmNel.ltrans0.ltrans.o
 .bss.g_led_control_registers
                0x0000000000800560       0x30 C:\Users\GUSTAV~1\AppData\Local\Temp\ccGBmNel.ltrans0.ltrans.o
 .bss.g_led_control_registers_update_required
                0x0000000000800590        0x2 C:\Users\GUSTAV~1\AppData\Local\Temp\ccGBmNel.ltrans0.ltrans.o
 .bss.last_system_usage
                0x0000000000800592        0x2 C:\Users\GUSTAV~1\AppData\Local\Temp\ccGBmNel.ltrans0.ltrans.o
 .bss.driver    0x0000000000800594        0x2 C:\Users\GUSTAV~1\AppData\Local\Temp\ccGBmNel.ltrans0.ltrans.o
 .bss.last_consumer_usage
                0x0000000000800596        0x2 C:\Users\GUSTAV~1\AppData\Local\Temp\ccGBmNel.ltrans0.ltrans.o
 .bss.wdt_timeout
                0x0000000000800598        0x1 C:\Users\GUSTAV~1\AppData\Local\Temp\ccGBmNel.ltrans0.ltrans.o
 .bss.timer_count
                0x0000000000800599        0x4 C:\Users\GUSTAV~1\AppData\Local\Temp\ccGBmNel.ltrans0.ltrans.o
 .bss.keymap_config
                0x000000000080059d        0x2 C:\Users\GUSTAV~1\AppData\Local\Temp\ccGBmNel.ltrans0.ltrans.o
 .bss.USB_IsInitialized
                0x000000000080059f        0x1 C:\Users\GUSTAV~1\AppData\Local\Temp\ccGBmNel.ltrans0.ltrans.o
 .bss.keyboard_idle
                0x00000000008005a0        0x1 C:\Users\GUSTAV~1\AppData\Local\Temp\ccGBmNel.ltrans0.ltrans.o
 .bss.keyboard_led_state
                0x00000000008005a1        0x1 C:\Users\GUSTAV~1\AppData\Local\Temp\ccGBmNel.ltrans0.ltrans.o
 .bss.keyboard_report_sent
                0x00000000008005a2       0x20 C:\Users\GUSTAV~1\AppData\Local\Temp\ccGBmNel.ltrans0.ltrans.o
 .bss.USB_Device_CurrentlySelfPowered
                0x00000000008005c2        0x1 C:\Users\GUSTAV~1\AppData\Local\Temp\ccGBmNel.ltrans0.ltrans.o
 .bss.USB_Device_RemoteWakeupEnabled
                0x00000000008005c3        0x1 C:\Users\GUSTAV~1\AppData\Local\Temp\ccGBmNel.ltrans0.ltrans.o
 .bss.USB_DeviceState
                0x00000000008005c4        0x1 C:\Users\GUSTAV~1\AppData\Local\Temp\ccGBmNel.ltrans0.ltrans.o
 .bss.USB_Device_ConfigurationNumber
                0x00000000008005c5        0x1 C:\Users\GUSTAV~1\AppData\Local\Temp\ccGBmNel.ltrans0.ltrans.o
 .bss.USB_ControlRequest
                0x00000000008005c6        0x8 C:\Users\GUSTAV~1\AppData\Local\Temp\ccGBmNel.ltrans0.ltrans.o
 .bss.g_rgb_timer
                0x00000000008005ce        0x4 C:\Users\GUSTAV~1\AppData\Local\Temp\ccGBmNel.ltrans0.ltrans.o
 .bss.rgb_matrix_config
                0x00000000008005d2        0x6 C:\Users\GUSTAV~1\AppData\Local\Temp\ccGBmNel.ltrans0.ltrans.o
 .bss.sc_timer  0x00000000008005d8        0x2 C:\Users\GUSTAV~1\AppData\Local\Temp\ccGBmNel.ltrans0.ltrans.o
 .bss.sc_last   0x00000000008005da        0x1 C:\Users\GUSTAV~1\AppData\Local\Temp\ccGBmNel.ltrans0.ltrans.o
 .bss.layer_state
                0x00000000008005db        0x1 C:\Users\GUSTAV~1\AppData\Local\Temp\ccGBmNel.ltrans0.ltrans.o
 *(COMMON)
                0x00000000008005dc                PROVIDE (__bss_end = .)
                0x000000000000552e                __data_load_start = LOADADDR (.data)
                0x0000000000005714                __data_load_end = (__data_load_start + SIZEOF (.data))

.noinit         0x00000000008005dc        0x4
                [!provide]                        PROVIDE (__noinit_start = .)
 *(.noinit .noinit.* .gnu.linkonce.n.*)
 .noinit        0x00000000008005dc        0x4 C:\Users\GUSTAV~1\AppData\Local\Temp\ccGBmNel.ltrans0.ltrans.o
                [!provide]                        PROVIDE (__noinit_end = .)
                0x00000000008005e0                _end = .
                [!provide]                        PROVIDE (__heap_start = .)

.eeprom         0x0000000000810000        0x0
 *(.eeprom*)
                0x0000000000810000                __eeprom_end = .

.fuse
 *(.fuse)
 *(.lfuse)
 *(.hfuse)
 *(.efuse)

.lock
 *(.lock*)

.signature
 *(.signature*)

.stab
 *(.stab)

.stabstr
 *(.stabstr)

.stab.excl
 *(.stab.excl)

.stab.exclstr
 *(.stab.exclstr)

.stab.index
 *(.stab.index)

.stab.indexstr
 *(.stab.indexstr)

.comment        0x0000000000000000       0x11
 *(.comment)
 .comment       0x0000000000000000       0x12 C:\Users\GUSTAV~1\AppData\Local\Temp\ccGBmNel.ltrans0.ltrans.o
 .comment       0x0000000000000000       0x11 .build/obj_keychron_q1_ansi_encoder_via/i2c_master.a(i2c_master.o)
                                         0x12 (size before relaxing)
 .comment       0x0000000000000011       0x12 c:/qmk_msys/mingw64/bin/../lib/gcc/avr/8.5.0/../../../../avr/lib/avr5\libc.a(rand.o)

.note.gnu.avr.deviceinfo
                0x0000000000000000       0x40
 .note.gnu.avr.deviceinfo
                0x0000000000000000       0x40 c:/qmk_msys/mingw64/bin/../lib/gcc/avr/8.5.0/../../../../avr/lib/avr5/crtatmega32u4.o

.note.gnu.build-id
 *(.note.gnu.build-id)

.debug
 *(.debug)

.line
 *(.line)

.debug_srcinfo
 *(.debug_srcinfo)

.debug_sfnames
 *(.debug_sfnames)

.debug_aranges  0x0000000000000000      0x470
 *(.debug_aranges)
 .debug_aranges
                0x0000000000000000      0x3f8 C:\Users\GUSTAV~1\AppData\Local\Temp\ccGBmNel.ltrans0.ltrans.o
 .debug_aranges
                0x00000000000003f8       0x78 .build/obj_keychron_q1_ansi_encoder_via/i2c_master.a(i2c_master.o)

.debug_pubnames
 *(.debug_pubnames)

.debug_info     0x0000000000000000    0x46892
 *(.debug_info .gnu.linkonce.wi.*)
 .debug_info    0x0000000000000000      0x9f4 c:/qmk_msys/mingw64/bin/../lib/gcc/avr/8.5.0/../../../../avr/lib/avr5/crtatmega32u4.o
 .debug_info    0x00000000000009f4    0x3a316 C:\Users\GUSTAV~1\AppData\Local\Temp\ccyrOgUOdebugobj
                0x00000000000009f4                q1.c.996c87a9
                0x0000000000001652                ansi_encoder.c.7a2e5d14
                0x0000000000002266                default_keyboard.c.7c26857c
                0x0000000000002e72                keymap_introspection.c.6ee0cb49
                0x0000000000005b02                quantum.c.16dba3b7
                0x0000000000008c66                bitwise.c.faa71966
                0x0000000000008e2f                led.c.0fbf9626
                0x0000000000009308                action.c.c3a72a32
                0x000000000000ca52                action_layer.c.c1a538b5
                0x000000000000dd9c                action_tapping.c.be8e258b
                0x0000000000010357                action_util.c.fdee2542
                0x0000000000010c9c                eeconfig.c.d683aaff
                0x0000000000010f1f                keyboard.c.8eab26d2
                0x0000000000011e8a                keymap_common.c.e032d041
                0x0000000000014fa9                keycode_config.c.0928dc89
                0x00000000000170c3                sync_timer.c.46a83791
                0x000000000001713f                debug.c.533dffe0
                0x0000000000017249                sendchar.c.4771bb78
                0x00000000000172d0                bootmagic_lite.c.b808b8a8
                0x0000000000017de8                magic.c.54c1caed
                0x0000000000018a19                matrix_common.c.362ae305
                0x0000000000019874                matrix.c.a4fcf80c
                0x000000000001a6d7                sym_defer_g.c.90a2a78f
                0x000000000001b3b2                main.c.8403325a
                0x000000000001b431                color.c.d78b243c
                0x000000000001b650                rgb_matrix.c.021856f4
                0x000000000001d7c7                rgb_matrix_drivers.c.b38e2192
                0x000000000001e402                lib8tion.c.492fd77d
                0x000000000001e527                is31fl3733.c.8e455d58
                0x000000000001e95e                process_rgb.c.3b2c072a
                0x00000000000214e1                led_tables.c.4220fbcb
                0x000000000002156e                via.c.22064eb3
                0x0000000000022784                process_magic.c.4d054dfd
                0x000000000002523c                send_string.c.53c7169a
                0x0000000000028186                encoder.c.85fcb979
                0x000000000002906b                dip_switch.c.0e1e7ff6
                0x0000000000029259                dynamic_keymap.c.1b65fd6d
                0x000000000002c048                process_grave_esc.c.71ed1a94
                0x000000000002ecef                process_space_cadet.c.f850dcfc
                0x000000000003199d                printf.c.d28d7161
                0x0000000000031a64                host.c.73f9da6e
                0x00000000000323b7                report.c.ce08258e
                0x000000000003497f                usb_device_state.c.457ae926
                0x0000000000034afe                usb_util.c.c574d966
                0x0000000000035591                suspend.c.5124102d
                0x0000000000035655                hardware_id.c.d1eacb09
                0x0000000000035743                platform.c.6b494325
                0x00000000000357b8                suspend.c.8452a024
                0x0000000000035d0b                timer.c.fa81e510
                0x0000000000035f14                dfu.c.c208a08b
                0x000000000003603e                lufa.c.02f06789
                0x0000000000037527                usb_descriptor.c.dd1152b7
                0x0000000000037ec9                HIDParser.c.9873dc15
                0x000000000003853f                Device_AVR8.c.25ee45a6
                0x00000000000386a6                EndpointStream_AVR8.c.f8fbb329
                0x00000000000391c0                Endpoint_AVR8.c.94fe2390
                0x00000000000395f7                Host_AVR8.c.972a60b0
                0x0000000000039654                PipeStream_AVR8.c.331f8f78
                0x00000000000396b1                Pipe_AVR8.c.536bb1ee
                0x000000000003970e                USBController_AVR8.c.1852d4e7
                0x0000000000039a32                USBInterrupt_AVR8.c.60258707
                0x0000000000039dc2                ConfigDescriptors.c.d98449dc
                0x000000000003a123                DeviceStandardReq.c.e75a5ed0
                0x000000000003a6c6                Events.c.64907fee
                0x000000000003a77d                HostStandardReq.c.bd87d0b6
                0x000000000003a7da                USBTask.c.2aa34d7c
                0x000000000003a9d1                usb_util.c.00f4510e
 .debug_info    0x000000000003ad0a     0xb0a9 C:\Users\GUSTAV~1\AppData\Local\Temp\ccGBmNel.ltrans0.ltrans.o
 .debug_info    0x0000000000045db3      0xadf .build/obj_keychron_q1_ansi_encoder_via/i2c_master.a(i2c_master.o)

.debug_abbrev   0x0000000000000000     0x76c4
 *(.debug_abbrev)
 .debug_abbrev  0x0000000000000000      0x96a c:/qmk_msys/mingw64/bin/../lib/gcc/avr/8.5.0/../../../../avr/lib/avr5/crtatmega32u4.o
 .debug_abbrev  0x000000000000096a     0x6767 C:\Users\GUSTAV~1\AppData\Local\Temp\ccyrOgUOdebugobj
 .debug_abbrev  0x00000000000070d1      0x37d C:\Users\GUSTAV~1\AppData\Local\Temp\ccGBmNel.ltrans0.ltrans.o
 .debug_abbrev  0x000000000000744e      0x276 .build/obj_keychron_q1_ansi_encoder_via/i2c_master.a(i2c_master.o)

.debug_line     0x0000000000000000    0x163b3
 *(.debug_line .debug_line.* .debug_line_end)
 .debug_line    0x0000000000000000       0x1d c:/qmk_msys/mingw64/bin/../lib/gcc/avr/8.5.0/../../../../avr/lib/avr5/crtatmega32u4.o
 .debug_line    0x000000000000001d     0x7a11 C:\Users\GUSTAV~1\AppData\Local\Temp\ccyrOgUOdebugobj
 .debug_line    0x0000000000007a2e     0xdb0a C:\Users\GUSTAV~1\AppData\Local\Temp\ccGBmNel.ltrans0.ltrans.o
 .debug_line    0x0000000000015538      0xe7b .build/obj_keychron_q1_ansi_encoder_via/i2c_master.a(i2c_master.o)

.debug_frame    0x0000000000000000      0xdbc
 *(.debug_frame)
 .debug_frame   0x0000000000000000      0xc14 C:\Users\GUSTAV~1\AppData\Local\Temp\ccGBmNel.ltrans0.ltrans.o
 .debug_frame   0x0000000000000c14      0x1a8 .build/obj_keychron_q1_ansi_encoder_via/i2c_master.a(i2c_master.o)

.debug_str      0x0000000000000000     0xaea5
 *(.debug_str)
 .debug_str     0x0000000000000000      0x371 c:/qmk_msys/mingw64/bin/../lib/gcc/avr/8.5.0/../../../../avr/lib/avr5/crtatmega32u4.o
 .debug_str     0x0000000000000371     0xa751 C:\Users\GUSTAV~1\AppData\Local\Temp\ccyrOgUOdebugobj
                                      0x4c89a (size before relaxing)
 .debug_str     0x000000000000aac2      0x126 C:\Users\GUSTAV~1\AppData\Local\Temp\ccGBmNel.ltrans0.ltrans.o
                                        0x14e (size before relaxing)
 .debug_str     0x000000000000abe8      0x2bd .build/obj_keychron_q1_ansi_encoder_via/i2c_master.a(i2c_master.o)
                                        0x315 (size before relaxing)

.debug_loc      0x0000000000000000     0xa84b
 *(.debug_loc)
 .debug_loc     0x0000000000000000     0x9aaf C:\Users\GUSTAV~1\AppData\Local\Temp\ccGBmNel.ltrans0.ltrans.o
 .debug_loc     0x0000000000009aaf      0xd9c .build/obj_keychron_q1_ansi_encoder_via/i2c_master.a(i2c_master.o)

.debug_macinfo
 *(.debug_macinfo)

.debug_weaknames
 *(.debug_weaknames)

.debug_funcnames
 *(.debug_funcnames)

.debug_typenames
 *(.debug_typenames)

.debug_varnames
 *(.debug_varnames)

.debug_pubtypes
 *(.debug_pubtypes)

.debug_ranges   0x0000000000000000     0x23e8
 *(.debug_ranges)
 .debug_ranges  0x0000000000000000     0x22c8 C:\Users\GUSTAV~1\AppData\Local\Temp\ccGBmNel.ltrans0.ltrans.o
 .debug_ranges  0x00000000000022c8      0x120 .build/obj_keychron_q1_ansi_encoder_via/i2c_master.a(i2c_master.o)

.debug_addr
 *(.debug_addr)

.debug_line_str
 *(.debug_line_str)

.debug_loclists
 *(.debug_loclists)

.debug_macro
 *(.debug_macro)

.debug_names
 *(.debug_names)

.debug_rnglists
 *(.debug_rnglists)

.debug_str_offsets
 *(.debug_str_offsets)

.debug_sup
 *(.debug_sup)
OUTPUT(.build/keychron_q1_ansi_encoder_via.elf elf32-avr)
LOAD linker stubs

Cross Reference Table

Symbol                                            File
BAND_SPIRAL_VAL                                   .build/obj_keychron_q1_ansi_encoder_via/quantum/rgb_matrix/rgb_matrix.o (symbol from plugin)
BREATHING                                         .build/obj_keychron_q1_ansi_encoder_via/quantum/rgb_matrix/rgb_matrix.o (symbol from plugin)
CALLBACK_HIDParser_FilterHIDReportItem            .build/obj_keychron_q1_ansi_encoder_via/lib/lufa/LUFA/Drivers/USB/Class/Common/HIDParser.o (symbol from plugin)
CALLBACK_USB_GetDescriptor                        .build/obj_keychron_q1_ansi_encoder_via/lufa.o (symbol from plugin)
                                                  .build/obj_keychron_q1_ansi_encoder_via/lib/lufa/LUFA/Drivers/USB/Core/DeviceStandardReq.o (symbol from plugin)
CIE1931_CURVE                                     .build/obj_keychron_q1_ansi_encoder_via/quantum/led_tables.o (symbol from plugin)
                                                  .build/obj_keychron_q1_ansi_encoder_via/quantum/color.o (symbol from plugin)
CYCLE_ALL                                         .build/obj_keychron_q1_ansi_encoder_via/quantum/rgb_matrix/rgb_matrix.o (symbol from plugin)
CYCLE_LEFT_RIGHT                                  .build/obj_keychron_q1_ansi_encoder_via/quantum/rgb_matrix/rgb_matrix.o (symbol from plugin)
CYCLE_OUT_IN                                      .build/obj_keychron_q1_ansi_encoder_via/quantum/rgb_matrix/rgb_matrix.o (symbol from plugin)
CYCLE_OUT_IN_DUAL                                 .build/obj_keychron_q1_ansi_encoder_via/quantum/rgb_matrix/rgb_matrix.o (symbol from plugin)
CYCLE_PINWHEEL                                    .build/obj_keychron_q1_ansi_encoder_via/quantum/rgb_matrix/rgb_matrix.o (symbol from plugin)
CYCLE_SPIRAL                                      .build/obj_keychron_q1_ansi_encoder_via/quantum/rgb_matrix/rgb_matrix.o (symbol from plugin)
CYCLE_UP_DOWN                                     .build/obj_keychron_q1_ansi_encoder_via/quantum/rgb_matrix/rgb_matrix.o (symbol from plugin)
ConfigDescriptors.c.d98449dc                      C:\Users\GUSTAV~1\AppData\Local\Temp\ccyrOgUOdebugobj
ConfigurationDescriptor                           .build/obj_keychron_q1_ansi_encoder_via/usb_descriptor.o (symbol from plugin)
DUAL_BEACON                                       .build/obj_keychron_q1_ansi_encoder_via/quantum/rgb_matrix/rgb_matrix.o (symbol from plugin)
DeviceDescriptor                                  .build/obj_keychron_q1_ansi_encoder_via/usb_descriptor.o (symbol from plugin)
DeviceStandardReq.c.e75a5ed0                      C:\Users\GUSTAV~1\AppData\Local\Temp\ccyrOgUOdebugobj
                                                  C:\Users\GUSTAV~1\AppData\Local\Temp\ccGBmNel.ltrans0.ltrans.o
Device_AVR8.c.25ee45a6                            C:\Users\GUSTAV~1\AppData\Local\Temp\ccyrOgUOdebugobj
                                                  C:\Users\GUSTAV~1\AppData\Local\Temp\ccGBmNel.ltrans0.ltrans.o
EVENT_USB_Device_ConfigurationChanged             .build/obj_keychron_q1_ansi_encoder_via/lufa.o (symbol from plugin)
                                                  .build/obj_keychron_q1_ansi_encoder_via/lib/lufa/LUFA/Drivers/USB/Core/DeviceStandardReq.o (symbol from plugin)
EVENT_USB_Device_Connect                          .build/obj_keychron_q1_ansi_encoder_via/lufa.o (symbol from plugin)
                                                  .build/obj_keychron_q1_ansi_encoder_via/lib/lufa/LUFA/Drivers/USB/Core/AVR8/USBInterrupt_AVR8.o (symbol from plugin)
EVENT_USB_Device_ControlRequest                   .build/obj_keychron_q1_ansi_encoder_via/lufa.o (symbol from plugin)
                                                  .build/obj_keychron_q1_ansi_encoder_via/lib/lufa/LUFA/Drivers/USB/Core/DeviceStandardReq.o (symbol from plugin)
EVENT_USB_Device_Disconnect                       .build/obj_keychron_q1_ansi_encoder_via/lufa.o (symbol from plugin)
                                                  .build/obj_keychron_q1_ansi_encoder_via/lib/lufa/LUFA/Drivers/USB/Core/AVR8/USBInterrupt_AVR8.o (symbol from plugin)
EVENT_USB_Device_Reset                            .build/obj_keychron_q1_ansi_encoder_via/lufa.o (symbol from plugin)
                                                  .build/obj_keychron_q1_ansi_encoder_via/lib/lufa/LUFA/Drivers/USB/Core/AVR8/USBInterrupt_AVR8.o (symbol from plugin)
EVENT_USB_Device_StartOfFrame                     .build/obj_keychron_q1_ansi_encoder_via/lib/lufa/LUFA/Drivers/USB/Core/Events.o (symbol from plugin)
                                                  .build/obj_keychron_q1_ansi_encoder_via/lib/lufa/LUFA/Drivers/USB/Core/AVR8/USBInterrupt_AVR8.o (symbol from plugin)
EVENT_USB_Device_Suspend                          .build/obj_keychron_q1_ansi_encoder_via/lufa.o (symbol from plugin)
                                                  .build/obj_keychron_q1_ansi_encoder_via/lib/lufa/LUFA/Drivers/USB/Core/AVR8/USBInterrupt_AVR8.o (symbol from plugin)
EVENT_USB_Device_WakeUp                           .build/obj_keychron_q1_ansi_encoder_via/lufa.o (symbol from plugin)
                                                  .build/obj_keychron_q1_ansi_encoder_via/lib/lufa/LUFA/Drivers/USB/Core/AVR8/USBInterrupt_AVR8.o (symbol from plugin)
EndpointStream_AVR8.c.f8fbb329                    C:\Users\GUSTAV~1\AppData\Local\Temp\ccyrOgUOdebugobj
                                                  C:\Users\GUSTAV~1\AppData\Local\Temp\ccGBmNel.ltrans0.ltrans.o
Endpoint_AVR8.c.94fe2390                          C:\Users\GUSTAV~1\AppData\Local\Temp\ccyrOgUOdebugobj
                                                  C:\Users\GUSTAV~1\AppData\Local\Temp\ccGBmNel.ltrans0.ltrans.o
Endpoint_ClearEndpoints                           .build/obj_keychron_q1_ansi_encoder_via/lib/lufa/LUFA/Drivers/USB/Core/AVR8/Endpoint_AVR8.o (symbol from plugin)
Endpoint_ClearStatusStage                         .build/obj_keychron_q1_ansi_encoder_via/lib/lufa/LUFA/Drivers/USB/Core/AVR8/Endpoint_AVR8.o (symbol from plugin)
                                                  .build/obj_keychron_q1_ansi_encoder_via/lib/lufa/LUFA/Drivers/USB/Core/DeviceStandardReq.o (symbol from plugin)
                                                  .build/obj_keychron_q1_ansi_encoder_via/lufa.o (symbol from plugin)
Endpoint_ConfigureEndpointTable                   .build/obj_keychron_q1_ansi_encoder_via/lib/lufa/LUFA/Drivers/USB/Core/AVR8/Endpoint_AVR8.o (symbol from plugin)
Endpoint_ConfigureEndpoint_Prv                    .build/obj_keychron_q1_ansi_encoder_via/lib/lufa/LUFA/Drivers/USB/Core/AVR8/Endpoint_AVR8.o (symbol from plugin)
                                                  .build/obj_keychron_q1_ansi_encoder_via/lib/lufa/LUFA/Drivers/USB/Core/AVR8/USBInterrupt_AVR8.o (symbol from plugin)
                                                  .build/obj_keychron_q1_ansi_encoder_via/lib/lufa/LUFA/Drivers/USB/Core/AVR8/USBController_AVR8.o (symbol from plugin)
                                                  .build/obj_keychron_q1_ansi_encoder_via/lufa.o (symbol from plugin)
Endpoint_Discard_Stream                           .build/obj_keychron_q1_ansi_encoder_via/lib/lufa/LUFA/Drivers/USB/Core/AVR8/EndpointStream_AVR8.o (symbol from plugin)
Endpoint_Null_Stream                              .build/obj_keychron_q1_ansi_encoder_via/lib/lufa/LUFA/Drivers/USB/Core/AVR8/EndpointStream_AVR8.o (symbol from plugin)
Endpoint_Read_Control_EStream_BE                  .build/obj_keychron_q1_ansi_encoder_via/lib/lufa/LUFA/Drivers/USB/Core/AVR8/EndpointStream_AVR8.o (symbol from plugin)
Endpoint_Read_Control_EStream_LE                  .build/obj_keychron_q1_ansi_encoder_via/lib/lufa/LUFA/Drivers/USB/Core/AVR8/EndpointStream_AVR8.o (symbol from plugin)
Endpoint_Read_Control_Stream_BE                   .build/obj_keychron_q1_ansi_encoder_via/lib/lufa/LUFA/Drivers/USB/Core/AVR8/EndpointStream_AVR8.o (symbol from plugin)
Endpoint_Read_Control_Stream_LE                   .build/obj_keychron_q1_ansi_encoder_via/lib/lufa/LUFA/Drivers/USB/Core/AVR8/EndpointStream_AVR8.o (symbol from plugin)
Endpoint_Read_EStream_BE                          .build/obj_keychron_q1_ansi_encoder_via/lib/lufa/LUFA/Drivers/USB/Core/AVR8/EndpointStream_AVR8.o (symbol from plugin)
Endpoint_Read_EStream_LE                          .build/obj_keychron_q1_ansi_encoder_via/lib/lufa/LUFA/Drivers/USB/Core/AVR8/EndpointStream_AVR8.o (symbol from plugin)
Endpoint_Read_Stream_BE                           .build/obj_keychron_q1_ansi_encoder_via/lib/lufa/LUFA/Drivers/USB/Core/AVR8/EndpointStream_AVR8.o (symbol from plugin)
Endpoint_Read_Stream_LE                           .build/obj_keychron_q1_ansi_encoder_via/lib/lufa/LUFA/Drivers/USB/Core/AVR8/EndpointStream_AVR8.o (symbol from plugin)
                                                  .build/obj_keychron_q1_ansi_encoder_via/lufa.o (symbol from plugin)
Endpoint_WaitUntilReady                           .build/obj_keychron_q1_ansi_encoder_via/lib/lufa/LUFA/Drivers/USB/Core/AVR8/Endpoint_AVR8.o (symbol from plugin)
                                                  .build/obj_keychron_q1_ansi_encoder_via/lib/lufa/LUFA/Drivers/USB/Core/AVR8/EndpointStream_AVR8.o (symbol from plugin)
Endpoint_Write_Control_EStream_BE                 .build/obj_keychron_q1_ansi_encoder_via/lib/lufa/LUFA/Drivers/USB/Core/AVR8/EndpointStream_AVR8.o (symbol from plugin)
Endpoint_Write_Control_EStream_LE                 .build/obj_keychron_q1_ansi_encoder_via/lib/lufa/LUFA/Drivers/USB/Core/AVR8/EndpointStream_AVR8.o (symbol from plugin)
Endpoint_Write_Control_PStream_BE                 .build/obj_keychron_q1_ansi_encoder_via/lib/lufa/LUFA/Drivers/USB/Core/AVR8/EndpointStream_AVR8.o (symbol from plugin)
Endpoint_Write_Control_PStream_LE                 .build/obj_keychron_q1_ansi_encoder_via/lib/lufa/LUFA/Drivers/USB/Core/AVR8/EndpointStream_AVR8.o (symbol from plugin)
                                                  .build/obj_keychron_q1_ansi_encoder_via/lib/lufa/LUFA/Drivers/USB/Core/DeviceStandardReq.o (symbol from plugin)
Endpoint_Write_Control_Stream_BE                  .build/obj_keychron_q1_ansi_encoder_via/lib/lufa/LUFA/Drivers/USB/Core/AVR8/EndpointStream_AVR8.o (symbol from plugin)
Endpoint_Write_Control_Stream_LE                  .build/obj_keychron_q1_ansi_encoder_via/lib/lufa/LUFA/Drivers/USB/Core/AVR8/EndpointStream_AVR8.o (symbol from plugin)
                                                  .build/obj_keychron_q1_ansi_encoder_via/lib/lufa/LUFA/Drivers/USB/Core/DeviceStandardReq.o (symbol from plugin)
                                                  .build/obj_keychron_q1_ansi_encoder_via/lufa.o (symbol from plugin)
Endpoint_Write_EStream_BE                         .build/obj_keychron_q1_ansi_encoder_via/lib/lufa/LUFA/Drivers/USB/Core/AVR8/EndpointStream_AVR8.o (symbol from plugin)
Endpoint_Write_EStream_LE                         .build/obj_keychron_q1_ansi_encoder_via/lib/lufa/LUFA/Drivers/USB/Core/AVR8/EndpointStream_AVR8.o (symbol from plugin)
Endpoint_Write_PStream_BE                         .build/obj_keychron_q1_ansi_encoder_via/lib/lufa/LUFA/Drivers/USB/Core/AVR8/EndpointStream_AVR8.o (symbol from plugin)
Endpoint_Write_PStream_LE                         .build/obj_keychron_q1_ansi_encoder_via/lib/lufa/LUFA/Drivers/USB/Core/AVR8/EndpointStream_AVR8.o (symbol from plugin)
Endpoint_Write_Stream_BE                          .build/obj_keychron_q1_ansi_encoder_via/lib/lufa/LUFA/Drivers/USB/Core/AVR8/EndpointStream_AVR8.o (symbol from plugin)
Endpoint_Write_Stream_LE                          .build/obj_keychron_q1_ansi_encoder_via/lib/lufa/LUFA/Drivers/USB/Core/AVR8/EndpointStream_AVR8.o (symbol from plugin)
                                                  .build/obj_keychron_q1_ansi_encoder_via/lufa.o (symbol from plugin)
Events.c.64907fee                                 C:\Users\GUSTAV~1\AppData\Local\Temp\ccyrOgUOdebugobj
                                                  C:\Users\GUSTAV~1\AppData\Local\Temp\ccGBmNel.ltrans0.ltrans.o
HIDParser.c.9873dc15                              C:\Users\GUSTAV~1\AppData\Local\Temp\ccyrOgUOdebugobj
HostStandardReq.c.bd87d0b6                        C:\Users\GUSTAV~1\AppData\Local\Temp\ccyrOgUOdebugobj
Host_AVR8.c.972a60b0                              C:\Users\GUSTAV~1\AppData\Local\Temp\ccyrOgUOdebugobj
IS31FL3733_init                                   .build/obj_keychron_q1_ansi_encoder_via/is31fl3733.o (symbol from plugin)
                                                  .build/obj_keychron_q1_ansi_encoder_via/quantum/rgb_matrix/rgb_matrix_drivers.o (symbol from plugin)
IS31FL3733_set_color                              .build/obj_keychron_q1_ansi_encoder_via/is31fl3733.o (symbol from plugin)
                                                  .build/obj_keychron_q1_ansi_encoder_via/quantum/rgb_matrix/rgb_matrix_drivers.o (symbol from plugin)
IS31FL3733_set_color_all                          .build/obj_keychron_q1_ansi_encoder_via/is31fl3733.o (symbol from plugin)
                                                  .build/obj_keychron_q1_ansi_encoder_via/quantum/rgb_matrix/rgb_matrix_drivers.o (symbol from plugin)
IS31FL3733_set_led_control_register               .build/obj_keychron_q1_ansi_encoder_via/is31fl3733.o (symbol from plugin)
                                                  .build/obj_keychron_q1_ansi_encoder_via/quantum/rgb_matrix/rgb_matrix_drivers.o (symbol from plugin)
IS31FL3733_update_led_control_registers           .build/obj_keychron_q1_ansi_encoder_via/is31fl3733.o (symbol from plugin)
                                                  .build/obj_keychron_q1_ansi_encoder_via/quantum/rgb_matrix/rgb_matrix_drivers.o (symbol from plugin)
IS31FL3733_update_pwm_buffers                     .build/obj_keychron_q1_ansi_encoder_via/is31fl3733.o (symbol from plugin)
                                                  .build/obj_keychron_q1_ansi_encoder_via/quantum/rgb_matrix/rgb_matrix_drivers.o (symbol from plugin)
IS31FL3733_write_pwm_buffer                       .build/obj_keychron_q1_ansi_encoder_via/is31fl3733.o (symbol from plugin)
IS31FL3733_write_register                         .build/obj_keychron_q1_ansi_encoder_via/is31fl3733.o (symbol from plugin)
JELLYBEAN_RAINDROPS                               .build/obj_keychron_q1_ansi_encoder_via/quantum/rgb_matrix/rgb_matrix.o (symbol from plugin)
KeyboardReport                                    .build/obj_keychron_q1_ansi_encoder_via/usb_descriptor.o (symbol from plugin)
LanguageString                                    .build/obj_keychron_q1_ansi_encoder_via/usb_descriptor.o (symbol from plugin)
ManufacturerString                                .build/obj_keychron_q1_ansi_encoder_via/usb_descriptor.o (symbol from plugin)
PipeStream_AVR8.c.331f8f78                        C:\Users\GUSTAV~1\AppData\Local\Temp\ccyrOgUOdebugobj
Pipe_AVR8.c.536bb1ee                              C:\Users\GUSTAV~1\AppData\Local\Temp\ccyrOgUOdebugobj
ProductString                                     .build/obj_keychron_q1_ansi_encoder_via/usb_descriptor.o (symbol from plugin)
RAINBOW_BEACON                                    .build/obj_keychron_q1_ansi_encoder_via/quantum/rgb_matrix/rgb_matrix.o (symbol from plugin)
RAINBOW_MOVING_CHEVRON                            .build/obj_keychron_q1_ansi_encoder_via/quantum/rgb_matrix/rgb_matrix.o (symbol from plugin)
RawReport                                         .build/obj_keychron_q1_ansi_encoder_via/usb_descriptor.o (symbol from plugin)
SOLID_COLOR                                       .build/obj_keychron_q1_ansi_encoder_via/quantum/rgb_matrix/rgb_matrix.o (symbol from plugin)
SharedReport                                      .build/obj_keychron_q1_ansi_encoder_via/usb_descriptor.o (symbol from plugin)
USBController_AVR8.c.1852d4e7                     C:\Users\GUSTAV~1\AppData\Local\Temp\ccyrOgUOdebugobj
                                                  C:\Users\GUSTAV~1\AppData\Local\Temp\ccGBmNel.ltrans0.ltrans.o
USBInterrupt_AVR8.c.60258707                      C:\Users\GUSTAV~1\AppData\Local\Temp\ccyrOgUOdebugobj
                                                  C:\Users\GUSTAV~1\AppData\Local\Temp\ccGBmNel.ltrans0.ltrans.o
USBTask.c.2aa34d7c                                C:\Users\GUSTAV~1\AppData\Local\Temp\ccyrOgUOdebugobj
                                                  C:\Users\GUSTAV~1\AppData\Local\Temp\ccGBmNel.ltrans0.ltrans.o
USB_ControlRequest                                .build/obj_keychron_q1_ansi_encoder_via/lib/lufa/LUFA/Drivers/USB/Core/USBTask.o (symbol from plugin)
                                                  .build/obj_keychron_q1_ansi_encoder_via/lib/lufa/LUFA/Drivers/USB/Core/DeviceStandardReq.o (symbol from plugin)
                                                  .build/obj_keychron_q1_ansi_encoder_via/lib/lufa/LUFA/Drivers/USB/Core/AVR8/Endpoint_AVR8.o (symbol from plugin)
                                                  .build/obj_keychron_q1_ansi_encoder_via/lib/lufa/LUFA/Drivers/USB/Core/AVR8/EndpointStream_AVR8.o (symbol from plugin)
                                                  .build/obj_keychron_q1_ansi_encoder_via/lufa.o (symbol from plugin)
USB_DeviceState                                   .build/obj_keychron_q1_ansi_encoder_via/lib/lufa/LUFA/Drivers/USB/Core/USBTask.o (symbol from plugin)
                                                  .build/obj_keychron_q1_ansi_encoder_via/protocol/lufa/usb_util.o (symbol from plugin)
                                                  .build/obj_keychron_q1_ansi_encoder_via/lib/lufa/LUFA/Drivers/USB/Core/DeviceStandardReq.o (symbol from plugin)
                                                  .build/obj_keychron_q1_ansi_encoder_via/lib/lufa/LUFA/Drivers/USB/Core/AVR8/USBInterrupt_AVR8.o (symbol from plugin)
                                                  .build/obj_keychron_q1_ansi_encoder_via/lib/lufa/LUFA/Drivers/USB/Core/AVR8/USBController_AVR8.o (symbol from plugin)
                                                  .build/obj_keychron_q1_ansi_encoder_via/lib/lufa/LUFA/Drivers/USB/Core/AVR8/Endpoint_AVR8.o (symbol from plugin)
                                                  .build/obj_keychron_q1_ansi_encoder_via/lib/lufa/LUFA/Drivers/USB/Core/AVR8/EndpointStream_AVR8.o (symbol from plugin)
                                                  .build/obj_keychron_q1_ansi_encoder_via/lufa.o (symbol from plugin)
                                                  .build/obj_keychron_q1_ansi_encoder_via/platforms/avr/suspend.o (symbol from plugin)
USB_Device_ConfigurationNumber                    .build/obj_keychron_q1_ansi_encoder_via/lib/lufa/LUFA/Drivers/USB/Core/DeviceStandardReq.o (symbol from plugin)
                                                  .build/obj_keychron_q1_ansi_encoder_via/lib/lufa/LUFA/Drivers/USB/Core/AVR8/USBInterrupt_AVR8.o (symbol from plugin)
                                                  .build/obj_keychron_q1_ansi_encoder_via/lib/lufa/LUFA/Drivers/USB/Core/AVR8/USBController_AVR8.o (symbol from plugin)
                                                  .build/obj_keychron_q1_ansi_encoder_via/lufa.o (symbol from plugin)
USB_Device_CurrentlySelfPowered                   .build/obj_keychron_q1_ansi_encoder_via/lib/lufa/LUFA/Drivers/USB/Core/DeviceStandardReq.o (symbol from plugin)
                                                  .build/obj_keychron_q1_ansi_encoder_via/lib/lufa/LUFA/Drivers/USB/Core/AVR8/USBController_AVR8.o (symbol from plugin)
USB_Device_ProcessControlRequest                  .build/obj_keychron_q1_ansi_encoder_via/lib/lufa/LUFA/Drivers/USB/Core/DeviceStandardReq.o (symbol from plugin)
                                                  .build/obj_keychron_q1_ansi_encoder_via/lib/lufa/LUFA/Drivers/USB/Core/USBTask.o (symbol from plugin)
                                                  .build/obj_keychron_q1_ansi_encoder_via/lib/lufa/LUFA/Drivers/USB/Core/AVR8/USBInterrupt_AVR8.o (symbol from plugin)
USB_Device_RemoteWakeupEnabled                    .build/obj_keychron_q1_ansi_encoder_via/lib/lufa/LUFA/Drivers/USB/Core/DeviceStandardReq.o (symbol from plugin)
                                                  .build/obj_keychron_q1_ansi_encoder_via/lib/lufa/LUFA/Drivers/USB/Core/AVR8/USBController_AVR8.o (symbol from plugin)
                                                  .build/obj_keychron_q1_ansi_encoder_via/lufa.o (symbol from plugin)
USB_Device_SendRemoteWakeup                       .build/obj_keychron_q1_ansi_encoder_via/lib/lufa/LUFA/Drivers/USB/Core/AVR8/Device_AVR8.o (symbol from plugin)
                                                  .build/obj_keychron_q1_ansi_encoder_via/lufa.o (symbol from plugin)
USB_Disable                                       .build/obj_keychron_q1_ansi_encoder_via/lib/lufa/LUFA/Drivers/USB/Core/AVR8/USBController_AVR8.o (symbol from plugin)
                                                  .build/obj_keychron_q1_ansi_encoder_via/protocol/lufa/usb_util.o (symbol from plugin)
                                                  .build/obj_keychron_q1_ansi_encoder_via/lufa.o (symbol from plugin)
USB_Event_Stub                                    .build/obj_keychron_q1_ansi_encoder_via/lib/lufa/LUFA/Drivers/USB/Core/Events.o (symbol from plugin)
USB_Event_Stub_2                                  .build/obj_keychron_q1_ansi_encoder_via/lib/lufa/LUFA/Drivers/USB/Core/Events.o (symbol from plugin)
USB_Event_Stub_3                                  .build/obj_keychron_q1_ansi_encoder_via/lib/lufa/LUFA/Drivers/USB/Core/Events.o (symbol from plugin)
USB_GetHIDReportItemInfo                          .build/obj_keychron_q1_ansi_encoder_via/lib/lufa/LUFA/Drivers/USB/Class/Common/HIDParser.o (symbol from plugin)
USB_GetHIDReportSize                              .build/obj_keychron_q1_ansi_encoder_via/lib/lufa/LUFA/Drivers/USB/Class/Common/HIDParser.o (symbol from plugin)
USB_GetNextDescriptorComp                         .build/obj_keychron_q1_ansi_encoder_via/lib/lufa/LUFA/Drivers/USB/Core/ConfigDescriptors.o (symbol from plugin)
USB_GetNextDescriptorOfType                       .build/obj_keychron_q1_ansi_encoder_via/lib/lufa/LUFA/Drivers/USB/Core/ConfigDescriptors.o (symbol from plugin)
USB_GetNextDescriptorOfTypeAfter                  .build/obj_keychron_q1_ansi_encoder_via/lib/lufa/LUFA/Drivers/USB/Core/ConfigDescriptors.o (symbol from plugin)
USB_GetNextDescriptorOfTypeBefore                 .build/obj_keychron_q1_ansi_encoder_via/lib/lufa/LUFA/Drivers/USB/Core/ConfigDescriptors.o (symbol from plugin)
USB_INT_ClearAllInterrupts                        .build/obj_keychron_q1_ansi_encoder_via/lib/lufa/LUFA/Drivers/USB/Core/AVR8/USBInterrupt_AVR8.o (symbol from plugin)
                                                  .build/obj_keychron_q1_ansi_encoder_via/lib/lufa/LUFA/Drivers/USB/Core/AVR8/USBController_AVR8.o (symbol from plugin)
USB_INT_DisableAllInterrupts                      .build/obj_keychron_q1_ansi_encoder_via/lib/lufa/LUFA/Drivers/USB/Core/AVR8/USBInterrupt_AVR8.o (symbol from plugin)
                                                  .build/obj_keychron_q1_ansi_encoder_via/lib/lufa/LUFA/Drivers/USB/Core/AVR8/USBController_AVR8.o (symbol from plugin)
USB_Init                                          .build/obj_keychron_q1_ansi_encoder_via/lib/lufa/LUFA/Drivers/USB/Core/AVR8/USBController_AVR8.o (symbol from plugin)
                                                  .build/obj_keychron_q1_ansi_encoder_via/lufa.o (symbol from plugin)
USB_IsInitialized                                 .build/obj_keychron_q1_ansi_encoder_via/lib/lufa/LUFA/Drivers/USB/Core/USBTask.o (symbol from plugin)
                                                  .build/obj_keychron_q1_ansi_encoder_via/lib/lufa/LUFA/Drivers/USB/Core/AVR8/USBController_AVR8.o (symbol from plugin)
                                                  .build/obj_keychron_q1_ansi_encoder_via/lufa.o (symbol from plugin)
USB_ProcessHIDReport                              .build/obj_keychron_q1_ansi_encoder_via/lib/lufa/LUFA/Drivers/USB/Class/Common/HIDParser.o (symbol from plugin)
USB_ResetInterface                                .build/obj_keychron_q1_ansi_encoder_via/lib/lufa/LUFA/Drivers/USB/Core/AVR8/USBController_AVR8.o (symbol from plugin)
USB_SetHIDReportItemInfo                          .build/obj_keychron_q1_ansi_encoder_via/lib/lufa/LUFA/Drivers/USB/Class/Common/HIDParser.o (symbol from plugin)
USB_USBTask                                       .build/obj_keychron_q1_ansi_encoder_via/lib/lufa/LUFA/Drivers/USB/Core/USBTask.o (symbol from plugin)
                                                  .build/obj_keychron_q1_ansi_encoder_via/lufa.o (symbol from plugin)
__FUSE_REGION_LENGTH__                            c:/qmk_msys/mingw64/bin/../lib/gcc/avr/8.5.0/../../../../avr/lib/avr5/crtatmega32u4.o
__bad_interrupt                                   c:/qmk_msys/mingw64/bin/../lib/gcc/avr/8.5.0/../../../../avr/lib/avr5/crtatmega32u4.o
__bss_end                                         c:/qmk_msys/mingw64/bin/../lib/gcc/avr/8.5.0/avr5\libgcc.a(_clear_bss.o)
__bss_start                                       c:/qmk_msys/mingw64/bin/../lib/gcc/avr/8.5.0/avr5\libgcc.a(_clear_bss.o)
__bswapsi2                                        c:/qmk_msys/mingw64/bin/../lib/gcc/avr/8.5.0/avr5\libgcc.a(_bswapsi2.o)
                                                  C:\Users\GUSTAV~1\AppData\Local\Temp\ccGBmNel.ltrans0.ltrans.o
__data_end                                        c:/qmk_msys/mingw64/bin/../lib/gcc/avr/8.5.0/avr5\libgcc.a(_copy_data.o)
__data_load_start                                 c:/qmk_msys/mingw64/bin/../lib/gcc/avr/8.5.0/avr5\libgcc.a(_copy_data.o)
__data_start                                      c:/qmk_msys/mingw64/bin/../lib/gcc/avr/8.5.0/avr5\libgcc.a(_copy_data.o)
__divmodhi4                                       c:/qmk_msys/mingw64/bin/../lib/gcc/avr/8.5.0/avr5\libgcc.a(_divmodhi4.o)
                                                  C:\Users\GUSTAV~1\AppData\Local\Temp\ccGBmNel.ltrans0.ltrans.o
__divmodsi4                                       c:/qmk_msys/mingw64/bin/../lib/gcc/avr/8.5.0/avr5\libgcc.a(_divmodsi4.o)
                                                  c:/qmk_msys/mingw64/bin/../lib/gcc/avr/8.5.0/../../../../avr/lib/avr5\libc.a(rand.o)
__do_clear_bss                                    c:/qmk_msys/mingw64/bin/../lib/gcc/avr/8.5.0/avr5\libgcc.a(_clear_bss.o)
                                                  C:\Users\GUSTAV~1\AppData\Local\Temp\ccGBmNel.ltrans0.ltrans.o
__do_copy_data                                    c:/qmk_msys/mingw64/bin/../lib/gcc/avr/8.5.0/avr5\libgcc.a(_copy_data.o)
                                                  C:\Users\GUSTAV~1\AppData\Local\Temp\ccGBmNel.ltrans0.ltrans.o
                                                  c:/qmk_msys/mingw64/bin/../lib/gcc/avr/8.5.0/../../../../avr/lib/avr5\libc.a(rand.o)
__epilogue_restores__                             c:/qmk_msys/mingw64/bin/../lib/gcc/avr/8.5.0/avr5\libgcc.a(_epilogue.o)
                                                  C:\Users\GUSTAV~1\AppData\Local\Temp\ccGBmNel.ltrans0.ltrans.o
                                                  .build/obj_keychron_q1_ansi_encoder_via/i2c_master.a(i2c_master.o)
__heap_end                                        c:/qmk_msys/mingw64/bin/../lib/gcc/avr/8.5.0/../../../../avr/lib/avr5/crtatmega32u4.o
__init                                            c:/qmk_msys/mingw64/bin/../lib/gcc/avr/8.5.0/../../../../avr/lib/avr5/crtatmega32u4.o
__mulohisi3                                       c:/qmk_msys/mingw64/bin/../lib/gcc/avr/8.5.0/avr5\libgcc.a(_mulshisi3.o)
                                                  c:/qmk_msys/mingw64/bin/../lib/gcc/avr/8.5.0/../../../../avr/lib/avr5\libc.a(rand.o)
__mulshisi3                                       c:/qmk_msys/mingw64/bin/../lib/gcc/avr/8.5.0/avr5\libgcc.a(_mulshisi3.o)
__muluhisi3                                       c:/qmk_msys/mingw64/bin/../lib/gcc/avr/8.5.0/avr5\libgcc.a(_muluhisi3.o)
                                                  c:/qmk_msys/mingw64/bin/../lib/gcc/avr/8.5.0/avr5\libgcc.a(_mulshisi3.o)
                                                  c:/qmk_msys/mingw64/bin/../lib/gcc/avr/8.5.0/../../../../avr/lib/avr5\libc.a(rand.o)
__negsi2                                          c:/qmk_msys/mingw64/bin/../lib/gcc/avr/8.5.0/avr5\libgcc.a(_negsi2.o)
                                                  c:/qmk_msys/mingw64/bin/../lib/gcc/avr/8.5.0/avr5\libgcc.a(_divmodsi4.o)
__prologue_saves__                                c:/qmk_msys/mingw64/bin/../lib/gcc/avr/8.5.0/avr5\libgcc.a(_prologue.o)
                                                  C:\Users\GUSTAV~1\AppData\Local\Temp\ccGBmNel.ltrans0.ltrans.o
                                                  .build/obj_keychron_q1_ansi_encoder_via/i2c_master.a(i2c_master.o)
__stack                                           c:/qmk_msys/mingw64/bin/../lib/gcc/avr/8.5.0/../../../../avr/lib/avr5/crtatmega32u4.o
__tablejump2__                                    c:/qmk_msys/mingw64/bin/../lib/gcc/avr/8.5.0/avr5\libgcc.a(_tablejump2.o)
                                                  C:\Users\GUSTAV~1\AppData\Local\Temp\ccGBmNel.ltrans0.ltrans.o
__udivmodhi4                                      c:/qmk_msys/mingw64/bin/../lib/gcc/avr/8.5.0/avr5\libgcc.a(_udivmodhi4.o)
                                                  c:/qmk_msys/mingw64/bin/../lib/gcc/avr/8.5.0/avr5\libgcc.a(_divmodhi4.o)
                                                  C:\Users\GUSTAV~1\AppData\Local\Temp\ccGBmNel.ltrans0.ltrans.o
                                                  .build/obj_keychron_q1_ansi_encoder_via/i2c_master.a(i2c_master.o)
__udivmodsi4                                      c:/qmk_msys/mingw64/bin/../lib/gcc/avr/8.5.0/avr5\libgcc.a(_udivmodsi4.o)
                                                  c:/qmk_msys/mingw64/bin/../lib/gcc/avr/8.5.0/avr5\libgcc.a(_divmodsi4.o)
__umulhisi3                                       c:/qmk_msys/mingw64/bin/../lib/gcc/avr/8.5.0/avr5\libgcc.a(_umulhisi3.o)
                                                  c:/qmk_msys/mingw64/bin/../lib/gcc/avr/8.5.0/avr5\libgcc.a(_muluhisi3.o)
__vector_1                                        c:/qmk_msys/mingw64/bin/../lib/gcc/avr/8.5.0/../../../../avr/lib/avr5/crtatmega32u4.o
__vector_10                                       C:\Users\GUSTAV~1\AppData\Local\Temp\ccGBmNel.ltrans0.ltrans.o
                                                  .build/obj_keychron_q1_ansi_encoder_via/lib/lufa/LUFA/Drivers/USB/Core/AVR8/USBInterrupt_AVR8.o (symbol from plugin)
                                                  c:/qmk_msys/mingw64/bin/../lib/gcc/avr/8.5.0/../../../../avr/lib/avr5/crtatmega32u4.o
__vector_11                                       C:\Users\GUSTAV~1\AppData\Local\Temp\ccGBmNel.ltrans0.ltrans.o
                                                  .build/obj_keychron_q1_ansi_encoder_via/lib/lufa/LUFA/Drivers/USB/Core/AVR8/USBInterrupt_AVR8.o (symbol from plugin)
                                                  c:/qmk_msys/mingw64/bin/../lib/gcc/avr/8.5.0/../../../../avr/lib/avr5/crtatmega32u4.o
__vector_12                                       C:\Users\GUSTAV~1\AppData\Local\Temp\ccGBmNel.ltrans0.ltrans.o
                                                  .build/obj_keychron_q1_ansi_encoder_via/platforms/avr/suspend.o (symbol from plugin)
                                                  c:/qmk_msys/mingw64/bin/../lib/gcc/avr/8.5.0/../../../../avr/lib/avr5/crtatmega32u4.o
__vector_13                                       c:/qmk_msys/mingw64/bin/../lib/gcc/avr/8.5.0/../../../../avr/lib/avr5/crtatmega32u4.o